Archive member included to satisfy reference by file (symbol)

/n64_toolchain/lib/gcc/mips64-elf/14.2.0/../../../../mips64-elf/lib/libdragon.a(entrypoint.o)
                              (_start)
/n64_toolchain/lib/gcc/mips64-elf/14.2.0/../../../../mips64-elf/lib/libdragon.a(debug.o)
                              build/main.o (debug_init_usblog)
/n64_toolchain/lib/gcc/mips64-elf/14.2.0/../../../../mips64-elf/lib/libdragon.a(usb.o)
                              /n64_toolchain/lib/gcc/mips64-elf/14.2.0/../../../../mips64-elf/lib/libdragon.a(debug.o) (usb_write)
/n64_toolchain/lib/gcc/mips64-elf/14.2.0/../../../../mips64-elf/lib/libdragon.a(cart.o)
                              /n64_toolchain/lib/gcc/mips64-elf/14.2.0/../../../../mips64-elf/lib/libdragon.a(debug.o) (cart_init)
/n64_toolchain/lib/gcc/mips64-elf/14.2.0/../../../../mips64-elf/lib/libdragon.a(ff.o)
                              /n64_toolchain/lib/gcc/mips64-elf/14.2.0/../../../../mips64-elf/lib/libdragon.a(debug.o) (f_mount)
/n64_toolchain/lib/gcc/mips64-elf/14.2.0/../../../../mips64-elf/lib/libdragon.a(ffunicode.o)
                              /n64_toolchain/lib/gcc/mips64-elf/14.2.0/../../../../mips64-elf/lib/libdragon.a(ff.o) (ff_uni2oem)
/n64_toolchain/lib/gcc/mips64-elf/14.2.0/../../../../mips64-elf/lib/libdragon.a(dragonfs.o)
                              build/main.o (dfs_init)
/n64_toolchain/lib/gcc/mips64-elf/14.2.0/../../../../mips64-elf/lib/libdragon.a(display.o)
                              build/main.o (display_init)
/n64_toolchain/lib/gcc/mips64-elf/14.2.0/../../../../mips64-elf/lib/libdragon.a(surface.o)
                              /n64_toolchain/lib/gcc/mips64-elf/14.2.0/../../../../mips64-elf/lib/libdragon.a(display.o) (surface_alloc)
/n64_toolchain/lib/gcc/mips64-elf/14.2.0/../../../../mips64-elf/lib/libdragon.a(console.o)
                              build/main.o (console_init)
/n64_toolchain/lib/gcc/mips64-elf/14.2.0/../../../../mips64-elf/lib/libdragon.a(graphics.o)
                              build/main.o (graphics_make_color)
/n64_toolchain/lib/gcc/mips64-elf/14.2.0/../../../../mips64-elf/lib/libdragon.a(rsp.o)
                              /n64_toolchain/lib/gcc/mips64-elf/14.2.0/../../../../mips64-elf/lib/libdragon.a(display.o) (__rsp_crash)
/n64_toolchain/lib/gcc/mips64-elf/14.2.0/../../../../mips64-elf/lib/libdragon.a(rsp_crash.o)
                              /n64_toolchain/lib/gcc/mips64-elf/14.2.0/../../../../mips64-elf/lib/libdragon.a(rsp.o) (rsp_crash_data_start)
/n64_toolchain/lib/gcc/mips64-elf/14.2.0/../../../../mips64-elf/lib/libdragon.a(inspector.o)
                              /n64_toolchain/lib/gcc/mips64-elf/14.2.0/../../../../mips64-elf/lib/libdragon.a(debug.o) (__inspector_assertion)
/n64_toolchain/lib/gcc/mips64-elf/14.2.0/../../../../mips64-elf/lib/libdragon.a(sprite.o)
                              /n64_toolchain/lib/gcc/mips64-elf/14.2.0/../../../../mips64-elf/lib/libdragon.a(graphics.o) (__sprite_upgrade)
/n64_toolchain/lib/gcc/mips64-elf/14.2.0/../../../../mips64-elf/lib/libdragon.a(dma.o)
                              /n64_toolchain/lib/gcc/mips64-elf/14.2.0/../../../../mips64-elf/lib/libdragon.a(debug.o) (io_accessible)
/n64_toolchain/lib/gcc/mips64-elf/14.2.0/../../../../mips64-elf/lib/libdragon.a(exception.o)
                              /n64_toolchain/lib/gcc/mips64-elf/14.2.0/../../../../mips64-elf/lib/libdragon.a(inspector.o) (__exception_dump_header)
/n64_toolchain/lib/gcc/mips64-elf/14.2.0/../../../../mips64-elf/lib/libdragon.a(do_ctors.o)
                              /n64_toolchain/lib/gcc/mips64-elf/14.2.0/../../../../mips64-elf/lib/libdragon.a(entrypoint.o) (__wrap___do_global_ctors)
/n64_toolchain/lib/gcc/mips64-elf/14.2.0/../../../../mips64-elf/lib/libdragon.a(dlfcn.o)
                              /n64_toolchain/lib/gcc/mips64-elf/14.2.0/../../../../mips64-elf/lib/libdragon.a(inspector.o) (__dl_list_head)
/n64_toolchain/lib/gcc/mips64-elf/14.2.0/../../../../mips64-elf/lib/libdragon.a(controller.o)
                              /n64_toolchain/lib/gcc/mips64-elf/14.2.0/../../../../mips64-elf/lib/libdragon.a(inspector.o) (controller_read)
/n64_toolchain/lib/gcc/mips64-elf/14.2.0/../../../../mips64-elf/lib/libdragon.a(joybus_accessory.o)
                              /n64_toolchain/lib/gcc/mips64-elf/14.2.0/../../../../mips64-elf/lib/libdragon.a(controller.o) (joybus_accessory_read)
/n64_toolchain/lib/gcc/mips64-elf/14.2.0/../../../../mips64-elf/lib/libdragon.a(joybus.o)
                              /n64_toolchain/lib/gcc/mips64-elf/14.2.0/../../../../mips64-elf/lib/libdragon.a(joybus_accessory.o) (joybus_exec_async)
/n64_toolchain/lib/gcc/mips64-elf/14.2.0/../../../../mips64-elf/lib/libdragon.a(joypad.o)
                              build/main.o (joypad_init)
/n64_toolchain/lib/gcc/mips64-elf/14.2.0/../../../../mips64-elf/lib/libdragon.a(rdpq_debug.o)
[...]
Memory Configuration

Name             Origin             Length             Attributes
*default*        0x00000000         0xffffffff

Linker script and memory map

LOAD /n64_toolchain/lib/gcc/mips64-elf/14.2.0/crti.o
LOAD /n64_toolchain/lib/gcc/mips64-elf/14.2.0/crtbegin.o
LOAD build/main.o
LOAD /n64_toolchain/lib/gcc/mips64-elf/14.2.0/../../../../mips64-elf/lib/libdragon.a
LOAD /n64_toolchain/lib/gcc/mips64-elf/14.2.0/../../../../mips64-elf/lib/libm.a
LOAD /n64_toolchain/lib/gcc/mips64-elf/14.2.0/../../../../mips64-elf/lib/libdragonsys.a

.intvectors     0x80000000      0x188
                0x80000000                        . = ALIGN (0x20)
 *(.intvectors)
 .intvectors    0x80000000      0x188 /n64_toolchain/lib/gcc/mips64-elf/14.2.0/../../../../mips64-elf/lib/libdragon.a(inthandler.o)
                0x80000188                        __intvectors_end = .

.text           0x80000400    0x21830
                0x80000400                        __text_start = .
 *(.boot)
 .boot          0x80000400       0x68 /n64_toolchain/lib/gcc/mips64-elf/14.2.0/../../../../mips64-elf/lib/libdragon.a(entrypoint.o)
                0x80000400                _start
                0x80000470                        . = ALIGN (0x10)
 *fill*         0x80000468        0x8 
 *(.text)
 *fill*         0x80000470       0x10 
 .text          0x80000480      0x380 /n64_toolchain/lib/gcc/mips64-elf/14.2.0/../../../../mips64-elf/lib/libdragon.a(inthandler.o)
                0x80000480                inthandler
                0x80000800                inthandler_end
 .text          0x80000800       0x58 /n64_toolchain/lib/gcc/mips64-elf/14.2.0/../../../../mips64-elf/lib/libc.a(libc_a-rand.o)
                0x80000800                srand
                0x80000818                rand
 .text          0x80000858     0x2a08 /n64_toolchain/lib/gcc/mips64-elf/14.2.0/../../../../mips64-elf/lib/libc.a(libc_a-vfprintf.o)
                0x80000858                _vfprintf_r
                0x80003148                vfprintf
 .text          0x80003260      0x11c /n64_toolchain/lib/gcc/mips64-elf/14.2.0/../../../../mips64-elf/lib/libc.a(libc_a-memset.o)
                0x80003260                memset
 *fill*         0x8000337c        0x4 
 .text          0x80003380      0x188 /n64_toolchain/lib/gcc/mips64-elf/14.2.0/../../../../mips64-elf/lib/libc.a(libc_a-strchr.o)
                0x80003380                strchr
 .text          0x80003508     0x2718 /n64_toolchain/lib/gcc/mips64-elf/14.2.0/../../../../mips64-elf/lib/libc.a(libc_a-svfprintf.o)
                0x80003508                _svfprintf_r
 .text          0x80005c20      0xbb8 /n64_toolchain/lib/gcc/mips64-elf/14.2.0/../../../../mips64-elf/lib/libc.a(libc_a-strstr.o)
                0x800064d8                strstr
 .text          0x800067d8       0x30 /n64_toolchain/lib/gcc/mips64-elf/14.2.0/../../../../mips64-elf/lib/libc.a(libc_a-vprintf.o)
                0x800067d8                vprintf
                0x800067f0                _vprintf_r
 .text          0x80006808       0x50 /n64_toolchain/lib/gcc/mips64-elf/14.2.0/../../../../mips64-elf/lib/libc.a(libc_a-lock.o)
                0x80006808                __retarget_lock_init
                0x80006810                __retarget_lock_init_recursive
                0x80006818                __retarget_lock_close
                0x80006820                __retarget_lock_close_recursive
                0x80006828                __retarget_lock_acquire
                0x80006830                __retarget_lock_acquire_recursive
                0x80006838                __retarget_lock_try_acquire
                0x80006840                __retarget_lock_try_acquire_recursive
                0x80006848                __retarget_lock_release
                0x80006850                __retarget_lock_release_recursive
 .text          0x80006858      0x458 /n64_toolchain/lib/gcc/mips64-elf/14.2.0/../../../../mips64-elf/lib/libc.a(libc_a-fflush.o)
                0x80006858                __sflush_r
                0x80006ab0                _fflush_r
                0x80006bb8                fflush
 .text          0x80006cb0      0x2f0 /n64_toolchain/lib/gcc/mips64-elf/14.2.0/../../../../mips64-elf/lib/libc.a(libc_a-setvbuf.o)
                0x80006cb0                setvbuf
 .text          0x80006fa0       0xc8 /n64_toolchain/lib/gcc/mips64-elf/14.2.0/../../../../mips64-elf/lib/libc.a(libc_a-strncmp.o)
                0x80006fa0                strncmp
 .text          0x80007068      0x168 /n64_toolchain/lib/gcc/mips64-elf/14.2.0/../../../../mips64-elf/lib/libc.a(libc_a-memmove.o)
                0x80007068                memmove
 .text          0x800071d0       0x18 /n64_toolchain/lib/gcc/mips64-elf/14.2.0/../../../../mips64-elf/lib/libc.a(libc_a-calloc.o)
                0x800071d0                calloc
 .text          0x800071e8        0x8 /n64_toolchain/lib/gcc/mips64-elf/14.2.0/../../../../mips64-elf/lib/libc.a(libc_a-errno.o)
                0x800071e8                __errno
 .text          0x800071f0      0x240 /n64_toolchain/lib/gcc/mips64-elf/14.2.0/../../../../mips64-elf/lib/libc.a(libc_a-strcmp.o)
                0x800071f0                strcmp
 .text          0x80007430       0x18 /n64_toolchain/lib/gcc/mips64-elf/14.2.0/../../../../mips64-elf/lib/libc.a(libc_a-abort.o)
                0x80007430                abort
 .text          0x80007448      0x120 /n64_toolchain/lib/gcc/mips64-elf/14.2.0/../../../../mips64-elf/lib/libc.a(libc_a-callocr.o)
                0x80007448                _calloc_r
 .text          0x80007568      0x190 /n64_toolchain/lib/gcc/mips64-elf/14.2.0/../../../../mips64-elf/lib/libc.a(libc_a-fputc.o)
                0x80007568                _fputc_r
                0x80007630                fputc
 .text          0x800076f8       0x18 /n64_toolchain/lib/gcc/mips64-elf/14.2.0/../../../../mips64-elf/lib/libc.a(libc_a-realloc.o)
                0x800076f8                realloc
 .text          0x80007710      0x8c8 /n64_toolchain/lib/gcc/mips64-elf/14.2.0/../../../../mips64-elf/lib/libc.a(libc_a-mallocr.o)
                0x80007710                _malloc_r
 .text          0x80007fd8       0x20 /n64_toolchain/lib/gcc/mips64-elf/14.2.0/../../../../mips64-elf/lib/libc.a(libc_a-putchar.o)
                0x80007fd8                _putchar_r
                0x80007fe0                putchar
 .text          0x80007ff8       0x98 /n64_toolchain/lib/gcc/mips64-elf/14.2.0/../../../../mips64-elf/lib/libc.a(libc_a-strcat.o)
                0x80007ff8                strcat
 .text          0x80008090     0x1810 /n64_toolchain/lib/gcc/mips64-elf/14.2.0/../../../../mips64-elf/lib/libc.a(libc_a-dtoa.o)
                0x800082e0                _dtoa_r
 .text          0x800098a0      0x1e0 /n64_toolchain/lib/gcc/mips64-elf/14.2.0/../../../../mips64-elf/lib/libc.a(libc_a-wsetup.o)
                0x800098a0                __swsetup_r
 .text          0x80009a80      0x470 /n64_toolchain/lib/gcc/mips64-elf/14.2.0/../../../../mips64-elf/lib/libc.a(libc_a-freer.o)
                0x80009a80                _malloc_trim_r
                0x80009bc0                _free_r
 .text          0x80009ef0       0x80 /n64_toolchain/lib/gcc/mips64-elf/14.2.0/../../../../mips64-elf/lib/libc.a(libc_a-memcmp.o)
                0x80009ef0                memcmp
 .text          0x80009f70       0x70 /n64_toolchain/lib/gcc/mips64-elf/14.2.0/../../../../mips64-elf/lib/libc.a(libc_a-strrchr.o)
                0x80009f70                strrchr
 .text          0x80009fe0      0x1c8 /n64_toolchain/lib/gcc/mips64-elf/14.2.0/../../../../mips64-elf/lib/libc.a(libc_a-snprintf.o)
                0x80009fe0                _snprintf_r
                0x8000a0c0                snprintf
 .text          0x8000a1a8       0xa8 /n64_toolchain/lib/gcc/mips64-elf/14.2.0/../../../../mips64-elf/lib/libc.a(libc_a-strcpy.o)
                0x8000a1a8                strcpy
 .text          0x8000a250       0x20 /n64_toolchain/lib/gcc/mips64-elf/14.2.0/../../../../mips64-elf/lib/libc.a(libc_a-malloc.o)
                0x8000a250                malloc
                0x8000a260                free
 .text          0x8000a270      0x240 /n64_toolchain/lib/gcc/mips64-elf/14.2.0/../../../../mips64-elf/lib/libc.a(libc_a-putc.o)
                0x8000a270                _putc_r
                0x8000a380                putc
 .text          0x8000a4b0      0x190 /n64_toolchain/lib/gcc/mips64-elf/14.2.0/../../../../mips64-elf/lib/libc.a(libc_a-stdio.o)
                0x8000a4b0                __sread
                0x8000a508                __seofread
                0x8000a510                __swrite
                0x8000a5d0                __sseek
                0x8000a638                __sclose
 .text          0x8000a640       0x68 /n64_toolchain/lib/gcc/mips64-elf/14.2.0/../../../../mips64-elf/lib/libc.a(libc_a-fprintf.o)
                0x8000a640                _fprintf_r
                0x8000a668                fprintf
 .text          0x8000a6a8       0x18 /n64_toolchain/lib/gcc/mips64-elf/14.2.0/../../../../mips64-elf/lib/libc.a(libc_a-strlen.o)
                0x8000a6a8                strlen
 .text          0x8000a6c0      0x1d0 /n64_toolchain/lib/gcc/mips64-elf/14.2.0/../../../../mips64-elf/lib/libc.a(libc_a-wbuf.o)
                0x8000a6c0                __swbuf_r
                0x8000a878                __swbuf
 .text          0x8000a890      0x600 /n64_toolchain/lib/gcc/mips64-elf/14.2.0/../../../../mips64-elf/lib/libc.a(libc_a-reallocr.o)
                0x8000a890                _realloc_r
 .text          0x8000ae90       0x60 /n64_toolchain/lib/gcc/mips64-elf/14.2.0/../../../../mips64-elf/lib/libc.a(libc_a-writer.o)
                0x8000ae90                _write_r
 .text          0x8000aef0      0x460 /n64_toolchain/lib/gcc/mips64-elf/14.2.0/../../../../mips64-elf/lib/libc.a(libc_a-strerror.o)
                0x8000aef0                _strerror_r
                0x8000b320                strerror
                0x8000b338                strerror_l
 .text          0x8000b350      0x250 /n64_toolchain/lib/gcc/mips64-elf/14.2.0/../../../../mips64-elf/lib/libc.a(libc_a-fwrite.o)
                0x8000b350                _fwrite_r
                0x8000b570                fwrite
 .text          0x8000b5a0       0x20 /n64_toolchain/lib/gcc/mips64-elf/14.2.0/../../../../mips64-elf/lib/libc.a(libc_a-mlock.o)
                0x8000b5a0                __malloc_lock
                0x8000b5b0                __malloc_unlock
 .text          0x8000b5c0      0x510 /n64_toolchain/lib/gcc/mips64-elf/14.2.0/../../../../mips64-elf/lib/libc.a(libc_a-findfp.o)
                0x8000b858                __sfp
                0x8000b9c8                __sinit
                0x8000ba40                __sfp_lock_acquire
                0x8000ba50                __sfp_lock_release
                0x8000ba60                __fp_lock_all
                0x8000ba98                __fp_unlock_all
 .text          0x8000bad0      0x1a8 /n64_toolchain/lib/gcc/mips64-elf/14.2.0/../../../../mips64-elf/lib/libc.a(libc_a-puts.o)
                0x8000bad0                _puts_r
                0x8000bc68                puts
 .text          0x8000bc78      0x508 /n64_toolchain/lib/gcc/mips64-elf/14.2.0/../../../../mips64-elf/lib/libc.a(libc_a-fvwrite.o)
                0x8000bc78                __sfvwrite_r
 .text          0x8000c180       0xf0 /n64_toolchain/lib/gcc/mips64-elf/14.2.0/../../../../mips64-elf/lib/libc.a(libc_a-memchr.o)
                0x8000c180                memchr
 .text          0x8000c270       0xc8 /n64_toolchain/lib/gcc/mips64-elf/14.2.0/../../../../mips64-elf/lib/libc.a(libc_a-ssprint_r.o)
                0x8000c270                __ssprint_r
 .text          0x8000c338      0x370 /n64_toolchain/lib/gcc/mips64-elf/14.2.0/../../../../mips64-elf/lib/libc.a(libc_a-memcpy.o)
                0x8000c338                memcpy
 .text          0x8000c6a8       0xe0 /n64_toolchain/lib/gcc/mips64-elf/14.2.0/../../../../mips64-elf/lib/libc.a(libc_a-sprintf.o)
                0x8000c6a8                _sprintf_r
                0x8000c710                sprintf
 .text          0x8000c788       0x40 /n64_toolchain/lib/gcc/mips64-elf/14.2.0/../../../../mips64-elf/lib/libc.a(libc_a-strnlen.o)
                0x8000c788                strnlen
 .text          0x8000c7c8       0x78 /n64_toolchain/lib/gcc/mips64-elf/14.2.0/../../../../mips64-elf/lib/libc.a(libc_a-printf.o)
                0x8000c7c8                _printf_r
                0x8000c800                printf
 .text          0x8000c840       0x50 /n64_toolchain/lib/gcc/mips64-elf/14.2.0/../../../../mips64-elf/lib/libc.a(libc_a-sbrkr.o)
                0x8000c840                _sbrk_r
 .text          0x8000c890       0x50 /n64_toolchain/lib/gcc/mips64-elf/14.2.0/../../../../mips64-elf/lib/libc.a(libc_a-time.o)
                0x8000c890                time
 .text          0x8000c8e0       0x50 /n64_toolchain/lib/gcc/mips64-elf/14.2.0/../../../../mips64-elf/lib/libc.a(libc_a-closer.o)
                0x8000c8e0                _close_r
 .text          0x8000c930       0x18 /n64_toolchain/lib/gcc/mips64-elf/14.2.0/../../../../mips64-elf/lib/libc.a(libc_a-malign.o)
                0x8000c930                memalign
 .text          0x8000c948      0x598 /n64_toolchain/lib/gcc/mips64-elf/14.2.0/../../../../mips64-elf/lib/libc.a(libc_a-signal.o)
                0x8000c948                _init_signal_r
                0x8000c9b0                _signal_r
                0x8000ca60                _raise_r
                0x8000cb18                __sigtramp_r
                0x8000cc08                raise
                0x8000ccd0                signal
                0x8000cd88                _init_signal
                0x8000cdf8                __sigtramp
 .text          0x8000cee0       0x40 /n64_toolchain/lib/gcc/mips64-elf/14.2.0/../../../../mips64-elf/lib/libc.a(libc_a-sprint_r.o)
                0x8000cee0                __sprint_r
 .text          0x8000cf20     0x1480 /n64_toolchain/lib/gcc/mips64-elf/14.2.0/../../../../mips64-elf/lib/libc.a(libc_a-mprec.o)
                0x8000cf20                _Balloc
                0x8000cfd0                _Bfree
                0x8000d000                __multadd
                0x8000d158                __s2b
                0x8000d2d8                __hi0bits
                0x8000d380                __lo0bits
                0x8000d498                __i2b
                0x8000d570                __multiply
                0x8000d7f8                __pow5mult
                0x8000d960                __lshift
                0x8000db18                __mcmp
                0x8000db80                __mdiff
                0x8000ddf8                __ulp
                0x8000dea8                __b2d
                0x8000e040                __d2b
                0x8000e198                __ratio
                0x8000e258                _mprec_log10
                0x8000e298                __copybits
                0x8000e320                __any_on
 .text          0x8000e3a0       0xc0 /n64_toolchain/lib/gcc/mips64-elf/14.2.0/../../../../mips64-elf/lib/libc.a(libc_a-fwalk.o)
                0x8000e3a0                _fwalk_sglue
 .text          0x8000e460       0x28 /n64_toolchain/lib/gcc/mips64-elf/14.2.0/../../../../mips64-elf/lib/libc.a(libc_a-localeconv.o)
                0x8000e460                __localeconv_l
                0x8000e468                _localeconv_r
                0x8000e478                localeconv
 .text          0x8000e488      0x230 /n64_toolchain/lib/gcc/mips64-elf/14.2.0/../../../../mips64-elf/lib/libc.a(libc_a-makebuf.o)
                0x8000e488                __smakebuf_r
                0x8000e608                __swhatbuf_r
 .text          0x8000e6b8       0x60 /n64_toolchain/lib/gcc/mips64-elf/14.2.0/../../../../mips64-elf/lib/libc.a(libc_a-signalr.o)
                0x8000e6b8                _kill_r
                0x8000e710                _getpid_r
 .text          0x8000e718       0x70 /n64_toolchain/lib/gcc/mips64-elf/14.2.0/../../../../mips64-elf/lib/libc.a(libc_a-mbtowc_r.o)
                0x8000e718                _mbtowc_r
                0x8000e728                __ascii_mbtowc
 .text          0x8000e788        0x8 /n64_toolchain/lib/gcc/mips64-elf/14.2.0/../../../../mips64-elf/lib/libc.a(libc_a-u_strerr.o)
                0x8000e788                _user_strerror
 .text          0x8000e790      0x188 /n64_toolchain/lib/gcc/mips64-elf/14.2.0/../../../../mips64-elf/lib/libc.a(libc_a-ssputs_r.o)
                0x8000e790                __ssputs_r
 .text          0x8000e918       0x60 /n64_toolchain/lib/gcc/mips64-elf/14.2.0/../../../../mips64-elf/lib/libc.a(libc_a-readr.o)
                0x8000e918                _read_r
 .text          0x8000e978      0x200 /n64_toolchain/lib/gcc/mips64-elf/14.2.0/../../../../mips64-elf/lib/libc.a(libc_a-malignr.o)
                0x8000e978                _memalign_r
 .text          0x8000eb78       0x58 /n64_toolchain/lib/gcc/mips64-elf/14.2.0/../../../../mips64-elf/lib/libc.a(libc_a-gettimeofdayr.o)
                0x8000eb78                _gettimeofday_r
 .text          0x8000ebd0      0x1b0 /n64_toolchain/lib/gcc/mips64-elf/14.2.0/../../../../mips64-elf/lib/libc.a(libc_a-fclose.o)
                0x8000ebd0                _fclose_r
                0x8000ed70                fclose
 .text          0x8000ed80       0x48 /n64_toolchain/lib/gcc/mips64-elf/14.2.0/../../../../mips64-elf/lib/libc.a(libc_a-wctomb_r.o)
                0x8000ed80                _wctomb_r
                0x8000ed90                __ascii_wctomb
 .text          0x8000edc8       0x60 /n64_toolchain/lib/gcc/mips64-elf/14.2.0/../../../../mips64-elf/lib/libc.a(libc_a-lseekr.o)
                0x8000edc8                _lseek_r
 .text          0x8000ee28       0x58 /n64_toolchain/lib/gcc/mips64-elf/14.2.0/../../../../mips64-elf/lib/libc.a(libc_a-fstatr.o)
                0x8000ee28                _fstat_r
 .text          0x8000ee80       0x50 /n64_toolchain/lib/gcc/mips64-elf/14.2.0/../../../../mips64-elf/lib/libc.a(libc_a-isattyr.o)
                0x8000ee80                _isatty_r
 *(.text.*)
 *fill*         0x8000eed0       0x10 
 .text.menu_loop
                0x8000eee0      0x140 build/main.o
                0x8000eee0                menu_loop
 .text.setup    0x8000f020      0x2a0 build/main.o
                0x8000f020                setup
 .text.load_battle_sprites
                0x8000f2c0       0xa0 build/main.o
                0x8000f2c0                load_battle_sprites
 .text.free_battle_sprites
                0x8000f360       0x80 build/main.o
                0x8000f360                free_battle_sprites
 .text.free_pokemon_sprites
                0x8000f3e0       0x40 build/main.o
                0x8000f3e0                free_pokemon_sprites
 .text.battle_loop
                0x8000f420      0xdc0 build/main.o
                0x8000f420                battle_loop
 .text.choose_character
                0x800101e0      0x260 build/main.o
                0x800101e0                choose_character
 .text.explore_loop
                0x80010440      0x260 build/main.o
                0x80010440                explore_loop
 .text.gameOver
                0x800106a0      0x200 build/main.o
                0x800106a0                gameOver
 .text.startup.main
                0x800108a0      0x220 build/main.o
                0x800108a0                main
 .text.__stderr_write
                0x80010ac0       0x80 /n64_toolchain/lib/gcc/mips64-elf/14.2.0/../../../../mips64-elf/lib/libdragon.a(debug.o)
 .text.usblog_write
                0x80010b40       0x20 /n64_toolchain/lib/gcc/mips64-elf/14.2.0/../../../../mips64-elf/lib/libdragon.a(debug.o)
 .text.isviewer_write
                0x80010b60       0xe0 /n64_toolchain/lib/gcc/mips64-elf/14.2.0/../../../../mips64-elf/lib/libdragon.a(debug.o)
 .text.cb.0     0x80010c40       0xa0 /n64_toolchain/lib/gcc/mips64-elf/14.2.0/../../../../mips64-elf/lib/libdragon.a(debug.o)
 .text.debug_init_usblog
                0x80010ce0       0xe0 /n64_toolchain/lib/gcc/mips64-elf/14.2.0/../../../../mips64-elf/lib/libdragon.a(debug.o)
                0x80010ce0                debug_init_usblog
 .text.debug_init_isviewer
                0x80010dc0       0xe0 /n64_toolchain/lib/gcc/mips64-elf/14.2.0/../../../../mips64-elf/lib/libdragon.a(debug.o)
                0x80010dc0                debug_init_isviewer
 .text.debug_assert_func_f
                0x80010ea0       0xe0 /n64_toolchain/lib/gcc/mips64-elf/14.2.0/../../../../mips64-elf/lib/libdragon.a(debug.o)
                0x80010ea0                debug_assert_func_f
 .text.debug_assert_func
                0x80010f80       0x20 /n64_toolchain/lib/gcc/mips64-elf/14.2.0/../../../../mips64-elf/lib/libdragon.a(debug.o)
                0x80010f80                debug_assert_func
 .text.debug_hexdump
                0x80010fa0      0x280 /n64_toolchain/lib/gcc/mips64-elf/14.2.0/../../../../mips64-elf/lib/libdragon.a(debug.o)
                0x80010fa0                debug_hexdump
 .text.__debug_backtrace
                0x80011220      0x120 /n64_toolchain/lib/gcc/mips64-elf/14.2.0/../../../../mips64-elf/lib/libdragon.a(debug.o)
                0x80011220                __debug_backtrace
 .text.debug_backtrace
                0x80011340       0x20 /n64_toolchain/lib/gcc/mips64-elf/14.2.0/../../../../mips64-elf/lib/libdragon.a(debug.o)
                0x80011340                debug_backtrace
 .text.usb_64drive_read
                0x80011360       0x60 /n64_toolchain/lib/gcc/mips64-elf/14.2.0/../../../../mips64-elf/lib/libdragon.a(usb.o)
 .text.usb_64drive_poll
                0x800113c0      0x1a0 /n64_toolchain/lib/gcc/mips64-elf/14.2.0/../../../../mips64-elf/lib/libdragon.a(usb.o)
 .text.usb_everdrive_usbbusy
                0x80011560       0xe0 /n64_toolchain/lib/gcc/mips64-elf/14.2.0/../../../../mips64-elf/lib/libdragon.a(usb.o)
 .text.usb_everdrive_readusb
                0x80011640       0xc0 /n64_toolchain/lib/gcc/mips64-elf/14.2.0/../../../../mips64-elf/lib/libdragon.a(usb.o)
 .text.usb_everdrive_poll
                0x80011700      0x220 /n64_toolchain/lib/gcc/mips64-elf/14.2.0/../../../../mips64-elf/lib/libdragon.a(usb.o)
 .text.usb_everdrive_write
                0x80011920      0x1c0 /n64_toolchain/lib/gcc/mips64-elf/14.2.0/../../../../mips64-elf/lib/libdragon.a(usb.o)
 .text.usb_everdrive_read
                0x80011ae0       0x60 /n64_toolchain/lib/gcc/mips64-elf/14.2.0/../../../../mips64-elf/lib/libdragon.a(usb.o)
 .text.usb_sc64_read
                0x80011b40       0x60 /n64_toolchain/lib/gcc/mips64-elf/14.2.0/../../../../mips64-elf/lib/libdragon.a(usb.o)
 .text.usb_sc64_poll
                0x80011ba0      0x160 /n64_toolchain/lib/gcc/mips64-elf/14.2.0/../../../../mips64-elf/lib/libdragon.a(usb.o)
 .text.usb_write
                0x80011d00       0x40 /n64_toolchain/lib/gcc/mips64-elf/14.2.0/../../../../mips64-elf/lib/libdragon.a(usb.o)
                0x80011d00                usb_write
 .text.usb_sendheartbeat
                0x80011d40       0x60 /n64_toolchain/lib/gcc/mips64-elf/14.2.0/../../../../mips64-elf/lib/libdragon.a(usb.o)
                0x80011d40                usb_sendheartbeat
 .text.usb_initialize
                0x80011da0      0x1e0 /n64_toolchain/lib/gcc/mips64-elf/14.2.0/../../../../mips64-elf/lib/libdragon.a(usb.o)
                0x80011da0                usb_initialize
 .text.usb_64drive_wait
                0x80011f80       0xc0 /n64_toolchain/lib/gcc/mips64-elf/14.2.0/../../../../mips64-elf/lib/libdragon.a(usb.o)
                0x80011f80                usb_64drive_wait
 .text.usb_64drive_write
                0x80012040      0x240 /n64_toolchain/lib/gcc/mips64-elf/14.2.0/../../../../mips64-elf/lib/libdragon.a(usb.o)
 .text.usb_sc64_execute_cmd
                0x80012280       0xc0 /n64_toolchain/lib/gcc/mips64-elf/14.2.0/../../../../mips64-elf/lib/libdragon.a(usb.o)
                0x80012280                usb_sc64_execute_cmd
 .text.usb_sc64_write
                0x80012340      0x2c0 /n64_toolchain/lib/gcc/mips64-elf/14.2.0/../../../../mips64-elf/lib/libdragon.a(usb.o)
 .text.get_next_token
                0x80012600       0xc0 /n64_toolchain/lib/gcc/mips64-elf/14.2.0/../../../../mips64-elf/lib/libdragon.a(dragonfs.o)
 .text.__fstat  0x800126c0       0x40 /n64_toolchain/lib/gcc/mips64-elf/14.2.0/../../../../mips64-elf/lib/libdragon.a(dragonfs.o)
 .text.lookup_file
                0x80012700      0x260 /n64_toolchain/lib/gcc/mips64-elf/14.2.0/../../../../mips64-elf/lib/libdragon.a(dragonfs.o)
 .text.__close  0x80012960       0x40 /n64_toolchain/lib/gcc/mips64-elf/14.2.0/../../../../mips64-elf/lib/libdragon.a(dragonfs.o)
 .text.__ioctl  0x800129a0       0x60 /n64_toolchain/lib/gcc/mips64-elf/14.2.0/../../../../mips64-elf/lib/libdragon.a(dragonfs.o)
 .text.recurse_path
                0x80012a00      0x3e0 /n64_toolchain/lib/gcc/mips64-elf/14.2.0/../../../../mips64-elf/lib/libdragon.a(dragonfs.o)
 .text.__findnext
                0x80012de0      0x100 /n64_toolchain/lib/gcc/mips64-elf/14.2.0/../../../../mips64-elf/lib/libdragon.a(dragonfs.o)
 .text.__dfs_findfirst
                0x80012ee0       0xe0 /n64_toolchain/lib/gcc/mips64-elf/14.2.0/../../../../mips64-elf/lib/libdragon.a(dragonfs.o)
 .text.__findfirst
                0x80012fc0       0x60 /n64_toolchain/lib/gcc/mips64-elf/14.2.0/../../../../mips64-elf/lib/libdragon.a(dragonfs.o)
 .text.__lseek  0x80013020       0xa0 /n64_toolchain/lib/gcc/mips64-elf/14.2.0/../../../../mips64-elf/lib/libdragon.a(dragonfs.o)
 .text.dfs_open
                0x800130c0      0x1a0 /n64_toolchain/lib/gcc/mips64-elf/14.2.0/../../../../mips64-elf/lib/libdragon.a(dragonfs.o)
                0x800130c0                dfs_open
 .text.__open   0x80013260       0xc0 /n64_toolchain/lib/gcc/mips64-elf/14.2.0/../../../../mips64-elf/lib/libdragon.a(dragonfs.o)
 .text.dfs_read
                0x80013320      0x1a0 /n64_toolchain/lib/gcc/mips64-elf/14.2.0/../../../../mips64-elf/lib/libdragon.a(dragonfs.o)
                0x80013320                dfs_read
 .text.__read   0x800134c0       0x20 /n64_toolchain/lib/gcc/mips64-elf/14.2.0/../../../../mips64-elf/lib/libdragon.a(dragonfs.o)
 .text.dfs_rom_addr
                0x800134e0      0x140 /n64_toolchain/lib/gcc/mips64-elf/14.2.0/../../../../mips64-elf/lib/libdragon.a(dragonfs.o)
                0x800134e0                dfs_rom_addr
 .text.dfs_init
                0x80013620      0x220 /n64_toolchain/lib/gcc/mips64-elf/14.2.0/../../../../mips64-elf/lib/libdragon.a(dragonfs.o)
                0x80013620                dfs_init
 .text.__display_callback
                0x80013840      0x140 /n64_toolchain/lib/gcc/mips64-elf/14.2.0/../../../../mips64-elf/lib/libdragon.a(display.o)
 .text.display_show.part.0
                0x80013980      0x1a0 /n64_toolchain/lib/gcc/mips64-elf/14.2.0/../../../../mips64-elf/lib/libdragon.a(display.o)
 .text.display_init
                0x80013b20      0x5c0 /n64_toolchain/lib/gcc/mips64-elf/14.2.0/../../../../mips64-elf/lib/libdragon.a(display.o)
                0x80013b20                display_init
 .text.display_close
                0x800140e0      0x100 /n64_toolchain/lib/gcc/mips64-elf/14.2.0/../../../../mips64-elf/lib/libdragon.a(display.o)
                0x800140e0                display_close
 .text.display_try_get
                0x800141e0       0xc0 /n64_toolchain/lib/gcc/mips64-elf/14.2.0/../../../../mips64-elf/lib/libdragon.a(display.o)
                0x800141e0                display_try_get
 .text.display_get
                0x800142a0      0x100 /n64_toolchain/lib/gcc/mips64-elf/14.2.0/../../../../mips64-elf/lib/libdragon.a(display.o)
                0x800142a0                display_get
 .text.display_show
                0x800143a0       0x20 /n64_toolchain/lib/gcc/mips64-elf/14.2.0/../../../../mips64-elf/lib/libdragon.a(display.o)
                0x800143a0                display_show
 .text.display_show_force
                0x800143c0       0x40 /n64_toolchain/lib/gcc/mips64-elf/14.2.0/../../../../mips64-elf/lib/libdragon.a(display.o)
                0x800143c0                display_show_force
 .text.display_get_bitdepth
                0x80014400       0x20 /n64_toolchain/lib/gcc/mips64-elf/14.2.0/../../../../mips64-elf/lib/libdragon.a(display.o)
                0x80014400                display_get_bitdepth
 .text.surface_alloc
                0x80014420       0xe0 /n64_toolchain/lib/gcc/mips64-elf/14.2.0/../../../../mips64-elf/lib/libdragon.a(surface.o)
                0x80014420                surface_alloc
 .text.surface_free
                0x80014500       0x80 /n64_toolchain/lib/gcc/mips64-elf/14.2.0/../../../../mips64-elf/lib/libdragon.a(surface.o)
                0x80014500                surface_free
 .text.__console_render.part.0
                0x80014580      0x100 /n64_toolchain/lib/gcc/mips64-elf/14.2.0/../../../../mips64-elf/lib/libdragon.a(console.o)
 .text.__console_write
                0x80014680      0x320 /n64_toolchain/lib/gcc/mips64-elf/14.2.0/../../../../mips64-elf/lib/libdragon.a(console.o)
 .text.console_set_render_mode
                0x800149a0       0x20 /n64_toolchain/lib/gcc/mips64-elf/14.2.0/../../../../mips64-elf/lib/libdragon.a(console.o)
                0x800149a0                console_set_render_mode
 .text.console_init
                0x800149c0       0xe0 /n64_toolchain/lib/gcc/mips64-elf/14.2.0/../../../../mips64-elf/lib/libdragon.a(console.o)
                0x800149c0                console_init
 .text.console_clear
                0x80014aa0       0x80 /n64_toolchain/lib/gcc/mips64-elf/14.2.0/../../../../mips64-elf/lib/libdragon.a(console.o)
                0x80014aa0                console_clear
 .text.console_render
                0x80014b20       0x40 /n64_toolchain/lib/gcc/mips64-elf/14.2.0/../../../../mips64-elf/lib/libdragon.a(console.o)
                0x80014b20                console_render
 .text.console_set_debug
                0x80014b60       0x20 /n64_toolchain/lib/gcc/mips64-elf/14.2.0/../../../../mips64-elf/lib/libdragon.a(console.o)
                0x80014b60                console_set_debug
 .text.graphics_draw_character.part.0
                0x80014b80      0x4e0 /n64_toolchain/lib/gcc/mips64-elf/14.2.0/../../../../mips64-elf/lib/libdragon.a(graphics.o)
 .text.graphics_draw_sprite_trans_stride.part.0
                0x80015060      0x380 /n64_toolchain/lib/gcc/mips64-elf/14.2.0/../../../../mips64-elf/lib/libdragon.a(graphics.o)
 .text.graphics_make_color
                0x800153e0       0xc0 /n64_toolchain/lib/gcc/mips64-elf/14.2.0/../../../../mips64-elf/lib/libdragon.a(graphics.o)
                0x800153e0                graphics_make_color
 .text.graphics_set_color
                0x800154a0       0x20 /n64_toolchain/lib/gcc/mips64-elf/14.2.0/../../../../mips64-elf/lib/libdragon.a(graphics.o)
                0x800154a0                graphics_set_color
 .text.graphics_draw_box
                0x800154c0      0x120 /n64_toolchain/lib/gcc/mips64-elf/14.2.0/../../../../mips64-elf/lib/libdragon.a(graphics.o)
                0x800154c0                graphics_draw_box
 .text.graphics_fill_screen
                0x800155e0       0x80 /n64_toolchain/lib/gcc/mips64-elf/14.2.0/../../../../mips64-elf/lib/libdragon.a(graphics.o)
                0x800155e0                graphics_fill_screen
 .text.graphics_set_default_font
                0x80015660       0x20 /n64_toolchain/lib/gcc/mips64-elf/14.2.0/../../../../mips64-elf/lib/libdragon.a(graphics.o)
                0x80015660                graphics_set_default_font
 .text.graphics_draw_character
                0x80015680       0x20 /n64_toolchain/lib/gcc/mips64-elf/14.2.0/../../../../mips64-elf/lib/libdragon.a(graphics.o)
                0x80015680                graphics_draw_character
 .text.graphics_draw_text
                0x800156a0      0x120 /n64_toolchain/lib/gcc/mips64-elf/14.2.0/../../../../mips64-elf/lib/libdragon.a(graphics.o)
                0x800156a0                graphics_draw_text
 .text.graphics_draw_sprite_trans
                0x800157c0       0x40 /n64_toolchain/lib/gcc/mips64-elf/14.2.0/../../../../mips64-elf/lib/libdragon.a(graphics.o)
                0x800157c0                graphics_draw_sprite_trans
 .text.graphics_draw_sprite_trans_stride
                0x80015800       0x20 /n64_toolchain/lib/gcc/mips64-elf/14.2.0/../../../../mips64-elf/lib/libdragon.a(graphics.o)
                0x80015800                graphics_draw_sprite_trans_stride
 .text.rsp_load_code
                0x80015820      0x100 /n64_toolchain/lib/gcc/mips64-elf/14.2.0/../../../../mips64-elf/lib/libdragon.a(rsp.o)
                0x80015820                rsp_load_code
 .text.rsp_load_data
                0x80015920       0xe0 /n64_toolchain/lib/gcc/mips64-elf/14.2.0/../../../../mips64-elf/lib/libdragon.a(rsp.o)
                0x80015920                rsp_load_data
 .text.rsp_read_code
                0x80015a00       0xe0 /n64_toolchain/lib/gcc/mips64-elf/14.2.0/../../../../mips64-elf/lib/libdragon.a(rsp.o)
                0x80015a00                rsp_read_code
 .text.rsp_read_data
                0x80015ae0       0xe0 /n64_toolchain/lib/gcc/mips64-elf/14.2.0/../../../../mips64-elf/lib/libdragon.a(rsp.o)
                0x80015ae0                rsp_read_data
 .text.__rsp_crash
                0x80015bc0      0xc40 /n64_toolchain/lib/gcc/mips64-elf/14.2.0/../../../../mips64-elf/lib/libdragon.a(rsp.o)
                0x80015bc0                __rsp_crash
 .text.__rsp_check_assert
                0x80016800       0x80 /n64_toolchain/lib/gcc/mips64-elf/14.2.0/../../../../mips64-elf/lib/libdragon.a(rsp.o)
                0x80016800                __rsp_check_assert
 .text.rsp_wait
                0x80016880      0x100 /n64_toolchain/lib/gcc/mips64-elf/14.2.0/../../../../mips64-elf/lib/libdragon.a(rsp.o)
                0x80016880                rsp_wait
 .text.rsp_run  0x80016980       0x60 /n64_toolchain/lib/gcc/mips64-elf/14.2.0/../../../../mips64-elf/lib/libdragon.a(rsp.o)
                0x80016980                rsp_run
 .text.cb.2     0x800169e0       0x60 /n64_toolchain/lib/gcc/mips64-elf/14.2.0/../../../../mips64-elf/lib/libdragon.a(inspector.o)
 .text.cb.1     0x80016a40       0x60 /n64_toolchain/lib/gcc/mips64-elf/14.2.0/../../../../mips64-elf/lib/libdragon.a(inspector.o)
 .text.cb.0     0x80016aa0      0x120 /n64_toolchain/lib/gcc/mips64-elf/14.2.0/../../../../mips64-elf/lib/libdragon.a(inspector.o)
 .text.cb.3     0x80016bc0      0x120 /n64_toolchain/lib/gcc/mips64-elf/14.2.0/../../../../mips64-elf/lib/libdragon.a(inspector.o)
 .text.inspector_stdout
                0x80016ce0      0x300 /n64_toolchain/lib/gcc/mips64-elf/14.2.0/../../../../mips64-elf/lib/libdragon.a(inspector.o)
 .text.title    0x80016fe0       0xa0 /n64_toolchain/lib/gcc/mips64-elf/14.2.0/../../../../mips64-elf/lib/libdragon.a(inspector.o)
 .text.mips_disasm
                0x80017080      0x6e0 /n64_toolchain/lib/gcc/mips64-elf/14.2.0/../../../../mips64-elf/lib/libdragon.a(inspector.o)
 .text.inspector
                0x80017760      0xcc0 /n64_toolchain/lib/gcc/mips64-elf/14.2.0/../../../../mips64-elf/lib/libdragon.a(inspector.o)
 .text.handler.4
                0x80018420       0x40 /n64_toolchain/lib/gcc/mips64-elf/14.2.0/../../../../mips64-elf/lib/libdragon.a(inspector.o)
 .text.__inspector_exception
                0x80018460       0x20 /n64_toolchain/lib/gcc/mips64-elf/14.2.0/../../../../mips64-elf/lib/libdragon.a(inspector.o)
                0x80018460                __inspector_exception
 .text.__inspector_assertion
                0x80018480       0x20 /n64_toolchain/lib/gcc/mips64-elf/14.2.0/../../../../mips64-elf/lib/libdragon.a(inspector.o)
                0x80018480                __inspector_assertion
 .text.startup.__inspector_init
                0x800184a0       0x20 /n64_toolchain/lib/gcc/mips64-elf/14.2.0/../../../../mips64-elf/lib/libdragon.a(inspector.o)
                0x800184a0                __inspector_init
 .text.__sprite_upgrade.part.0
                0x800184c0       0x40 /n64_toolchain/lib/gcc/mips64-elf/14.2.0/../../../../mips64-elf/lib/libdragon.a(sprite.o)
 .text.sprite_load_buf.part.0
                0x80018500       0x40 /n64_toolchain/lib/gcc/mips64-elf/14.2.0/../../../../mips64-elf/lib/libdragon.a(sprite.o)
 .text.__sprite_ext
                0x80018540       0xa0 /n64_toolchain/lib/gcc/mips64-elf/14.2.0/../../../../mips64-elf/lib/libdragon.a(sprite.o)
                0x80018540                __sprite_ext
 .text.__sprite_upgrade
                0x800185e0       0x80 /n64_toolchain/lib/gcc/mips64-elf/14.2.0/../../../../mips64-elf/lib/libdragon.a(sprite.o)
                0x800185e0                __sprite_upgrade
 .text.sprite_load
                0x80018660       0xe0 /n64_toolchain/lib/gcc/mips64-elf/14.2.0/../../../../mips64-elf/lib/libdragon.a(sprite.o)
                0x80018660                sprite_load
 .text.sprite_free
                0x80018740       0x60 /n64_toolchain/lib/gcc/mips64-elf/14.2.0/../../../../mips64-elf/lib/libdragon.a(sprite.o)
                0x80018740                sprite_free
 .text.dma_write_raw_async.part.0
                0x800187a0       0x40 /n64_toolchain/lib/gcc/mips64-elf/14.2.0/../../../../mips64-elf/lib/libdragon.a(dma.o)
 .text.dma_read_async
                0x800187e0      0x4e0 /n64_toolchain/lib/gcc/mips64-elf/14.2.0/../../../../mips64-elf/lib/libdragon.a(dma.o)
                0x800187e0                dma_read_async
 .text.dma_read
                0x80018cc0       0x40 /n64_toolchain/lib/gcc/mips64-elf/14.2.0/../../../../mips64-elf/lib/libdragon.a(dma.o)
                0x80018cc0                dma_read
 .text.dma_write
                0x80018d00       0xa0 /n64_toolchain/lib/gcc/mips64-elf/14.2.0/../../../../mips64-elf/lib/libdragon.a(dma.o)
                0x80018d00                dma_write
 .text.io_read  0x80018da0       0x60 /n64_toolchain/lib/gcc/mips64-elf/14.2.0/../../../../mips64-elf/lib/libdragon.a(dma.o)
                0x80018da0                io_read
 .text.io_write
                0x80018e00       0x60 /n64_toolchain/lib/gcc/mips64-elf/14.2.0/../../../../mips64-elf/lib/libdragon.a(dma.o)
                0x80018e00                io_write
 .text.cb.0     0x80018e60       0x40 /n64_toolchain/lib/gcc/mips64-elf/14.2.0/../../../../mips64-elf/lib/libdragon.a(exception.o)
 .text.cb.1     0x80018ea0       0x80 /n64_toolchain/lib/gcc/mips64-elf/14.2.0/../../../../mips64-elf/lib/libdragon.a(exception.o)
 .text.is_unmapped_kx64
                0x80018f20      0x1e0 /n64_toolchain/lib/gcc/mips64-elf/14.2.0/../../../../mips64-elf/lib/libdragon.a(exception.o)
 .text.__get_exception_name.isra.0
                0x80019100      0x440 /n64_toolchain/lib/gcc/mips64-elf/14.2.0/../../../../mips64-elf/lib/libdragon.a(exception.o)
 .text.__exception_dump_header
                0x80019540      0x340 /n64_toolchain/lib/gcc/mips64-elf/14.2.0/../../../../mips64-elf/lib/libdragon.a(exception.o)
                0x80019540                __exception_dump_header
 .text.__exception_dump_gpr
                0x80019880      0x180 /n64_toolchain/lib/gcc/mips64-elf/14.2.0/../../../../mips64-elf/lib/libdragon.a(exception.o)
                0x80019880                __exception_dump_gpr
 .text.__exception_dump_fpr
                0x80019a00      0x2e0 /n64_toolchain/lib/gcc/mips64-elf/14.2.0/../../../../mips64-elf/lib/libdragon.a(exception.o)
                0x80019a00                __exception_dump_fpr
 .text.exception_default_handler
                0x80019ce0      0x1a0 /n64_toolchain/lib/gcc/mips64-elf/14.2.0/../../../../mips64-elf/lib/libdragon.a(exception.o)
                0x80019ce0                exception_default_handler
 .text.__onCriticalException
                0x80019e80       0x80 /n64_toolchain/lib/gcc/mips64-elf/14.2.0/../../../../mips64-elf/lib/libdragon.a(exception.o)
                0x80019e80                __onCriticalException
 .text.register_syscall_handler
                0x80019f00      0x1a0 /n64_toolchain/lib/gcc/mips64-elf/14.2.0/../../../../mips64-elf/lib/libdragon.a(exception.o)
                0x80019f00                register_syscall_handler
 .text.__onSyscallException
                0x8001a0a0      0x180 /n64_toolchain/lib/gcc/mips64-elf/14.2.0/../../../../mips64-elf/lib/libdragon.a(exception.o)
                0x8001a0a0                __onSyscallException
 .text.__register_frame_info
                0x8001a220       0x20 /n64_toolchain/lib/gcc/mips64-elf/14.2.0/../../../../mips64-elf/lib/libdragon.a(do_ctors.o)
                0x8001a220                __register_frame_info
 .text.__wrap___do_global_ctors
                0x8001a240       0xe0 /n64_toolchain/lib/gcc/mips64-elf/14.2.0/../../../../mips64-elf/lib/libdragon.a(do_ctors.o)
                0x8001a240                __wrap___do_global_ctors
 .text.controller_read
                0x8001a320       0x20 /n64_toolchain/lib/gcc/mips64-elf/14.2.0/../../../../mips64-elf/lib/libdragon.a(controller.o)
                0x8001a320                controller_read
 .text.joybus_accessory_calculate_addr_checksum
                0x8001a340       0x60 /n64_toolchain/lib/gcc/mips64-elf/14.2.0/../../../../mips64-elf/lib/libdragon.a(joybus_accessory.o)
                0x8001a340                joybus_accessory_calculate_addr_checksum
 .text.joybus_accessory_calculate_data_crc
                0x8001a3a0       0xa0 /n64_toolchain/lib/gcc/mips64-elf/14.2.0/../../../../mips64-elf/lib/libdragon.a(joybus_accessory.o)
                0x8001a3a0                joybus_accessory_calculate_data_crc
 .text.joybus_accessory_compare_data_crc
                0x8001a440       0x60 /n64_toolchain/lib/gcc/mips64-elf/14.2.0/../../../../mips64-elf/lib/libdragon.a(joybus_accessory.o)
                0x8001a440                joybus_accessory_compare_data_crc
 .text.joybus_accessory_read_async
                0x8001a4a0       0xe0 /n64_toolchain/lib/gcc/mips64-elf/14.2.0/../../../../mips64-elf/lib/libdragon.a(joybus_accessory.o)
                0x8001a4a0                joybus_accessory_read_async
 .text.joybus_accessory_write_async
                0x8001a580      0x120 /n64_toolchain/lib/gcc/mips64-elf/14.2.0/../../../../mips64-elf/lib/libdragon.a(joybus_accessory.o)
                0x8001a580                joybus_accessory_write_async
 .text.joybus_msg_send
                0x8001a6a0       0x80 /n64_toolchain/lib/gcc/mips64-elf/14.2.0/../../../../mips64-elf/lib/libdragon.a(joybus.o)
 .text.callback.0
                0x8001a720       0x80 /n64_toolchain/lib/gcc/mips64-elf/14.2.0/../../../../mips64-elf/lib/libdragon.a(joybus.o)
 .text.si_interrupt
                0x8001a7a0      0x1a0 /n64_toolchain/lib/gcc/mips64-elf/14.2.0/../../../../mips64-elf/lib/libdragon.a(joybus.o)
 .text.startup.__joybus_init
                0x8001a940       0x60 /n64_toolchain/lib/gcc/mips64-elf/14.2.0/../../../../mips64-elf/lib/libdragon.a(joybus.o)
                0x8001a940                __joybus_init
 .text.joybus_exec_async
                0x8001a9a0      0x1a0 /n64_toolchain/lib/gcc/mips64-elf/14.2.0/../../../../mips64-elf/lib/libdragon.a(joybus.o)
                0x8001a9a0                joybus_exec_async
 .text.joybus_exec
                0x8001ab40      0x140 /n64_toolchain/lib/gcc/mips64-elf/14.2.0/../../../../mips64-elf/lib/libdragon.a(joybus.o)
                0x8001ab40                joybus_exec
 .text.joypad_inputs_from_n64_controller_read
                0x8001ac80       0xc0 /n64_toolchain/lib/gcc/mips64-elf/14.2.0/../../../../mips64-elf/lib/libdragon.a(joypad.o)
 .text.joypad_gcn_origin_callback
                0x8001ad40       0xe0 /n64_toolchain/lib/gcc/mips64-elf/14.2.0/../../../../mips64-elf/lib/libdragon.a(joypad.o)
 .text.joypad_read_callback
                0x8001ae20       0x60 /n64_toolchain/lib/gcc/mips64-elf/14.2.0/../../../../mips64-elf/lib/libdragon.a(joypad.o)
 .text.joybus_input_read_n64_controllers
                0x8001ae80       0xe0 /n64_toolchain/lib/gcc/mips64-elf/14.2.0/../../../../mips64-elf/lib/libdragon.a(joypad.o)
 .text.joypad_device_changed
                0x8001af60       0x80 /n64_toolchain/lib/gcc/mips64-elf/14.2.0/../../../../mips64-elf/lib/libdragon.a(joypad.o)
 .text.joypad_identify_callback
                0x8001afe0      0x2a0 /n64_toolchain/lib/gcc/mips64-elf/14.2.0/../../../../mips64-elf/lib/libdragon.a(joypad.o)
 .text.joypad_read_async.part.0
                0x8001b280      0x220 /n64_toolchain/lib/gcc/mips64-elf/14.2.0/../../../../mips64-elf/lib/libdragon.a(joypad.o)
 .text.joypad_identify_async.part.0
                0x8001b4a0      0x140 /n64_toolchain/lib/gcc/mips64-elf/14.2.0/../../../../mips64-elf/lib/libdragon.a(joypad.o)
 .text.joypad_poll.part.0
                0x8001b5e0      0x520 /n64_toolchain/lib/gcc/mips64-elf/14.2.0/../../../../mips64-elf/lib/libdragon.a(joypad.o)
 .text.joypad_vi_interrupt_callback
                0x8001bb00       0xa0 /n64_toolchain/lib/gcc/mips64-elf/14.2.0/../../../../mips64-elf/lib/libdragon.a(joypad.o)
 .text.joypad_reset_interrupt_callback
                0x8001bba0      0x2c0 /n64_toolchain/lib/gcc/mips64-elf/14.2.0/../../../../mips64-elf/lib/libdragon.a(joypad.o)
 .text.joypad_init
                0x8001be60      0x1e0 /n64_toolchain/lib/gcc/mips64-elf/14.2.0/../../../../mips64-elf/lib/libdragon.a(joypad.o)
                0x8001be60                joypad_init
 .text.joypad_close
                0x8001c040       0x60 /n64_toolchain/lib/gcc/mips64-elf/14.2.0/../../../../mips64-elf/lib/libdragon.a(joypad.o)
                0x8001c040                joypad_close
 .text.joypad_poll
                0x8001c0a0       0x60 /n64_toolchain/lib/gcc/mips64-elf/14.2.0/../../../../mips64-elf/lib/libdragon.a(joypad.o)
                0x8001c0a0                joypad_poll
 .text.joypad_is_connected
                0x8001c100       0xa0 /n64_toolchain/lib/gcc/mips64-elf/14.2.0/../../../../mips64-elf/lib/libdragon.a(joypad.o)
                0x8001c100                joypad_is_connected
 .text.joypad_get_inputs
                0x8001c1a0       0xa0 /n64_toolchain/lib/gcc/mips64-elf/14.2.0/../../../../mips64-elf/lib/libdragon.a(joypad.o)
                0x8001c1a0                joypad_get_inputs
 .text.joypad_get_buttons_pressed
                0x8001c240       0xa0 /n64_toolchain/lib/gcc/mips64-elf/14.2.0/../../../../mips64-elf/lib/libdragon.a(joypad.o)
                0x8001c240                joypad_get_buttons_pressed
 .text.data_cache_hit_writeback
                0x8001c2e0       0x60 /n64_toolchain/lib/gcc/mips64-elf/14.2.0/../../../../mips64-elf/lib/libdragon.a(n64sys.o)
                0x8001c2e0                data_cache_hit_writeback
 .text.data_cache_hit_invalidate
                0x8001c340       0x80 /n64_toolchain/lib/gcc/mips64-elf/14.2.0/../../../../mips64-elf/lib/libdragon.a(n64sys.o)
                0x8001c340                data_cache_hit_invalidate
 .text.data_cache_hit_writeback_invalidate
                0x8001c3c0       0x60 /n64_toolchain/lib/gcc/mips64-elf/14.2.0/../../../../mips64-elf/lib/libdragon.a(n64sys.o)
                0x8001c3c0                data_cache_hit_writeback_invalidate
 .text.inst_cache_hit_invalidate
                0x8001c420       0x60 /n64_toolchain/lib/gcc/mips64-elf/14.2.0/../../../../mips64-elf/lib/libdragon.a(n64sys.o)
                0x8001c420                inst_cache_hit_invalidate
 .text.malloc_uncached_aligned
                0x8001c480       0x80 /n64_toolchain/lib/gcc/mips64-elf/14.2.0/../../../../mips64-elf/lib/libdragon.a(n64sys.o)
                0x8001c480                malloc_uncached_aligned
 .text.free_uncached
                0x8001c500       0x20 /n64_toolchain/lib/gcc/mips64-elf/14.2.0/../../../../mips64-elf/lib/libdragon.a(n64sys.o)
                0x8001c500                free_uncached
 .text.get_ticks
                0x8001c520       0x40 /n64_toolchain/lib/gcc/mips64-elf/14.2.0/../../../../mips64-elf/lib/libdragon.a(n64sys.o)
                0x8001c520                get_ticks
 .text.wait_ms  0x8001c560       0x40 /n64_toolchain/lib/gcc/mips64-elf/14.2.0/../../../../mips64-elf/lib/libdragon.a(n64sys.o)
                0x8001c560                wait_ms
 .text.startup.__init_cop1
                0x8001c5a0       0x40 /n64_toolchain/lib/gcc/mips64-elf/14.2.0/../../../../mips64-elf/lib/libdragon.a(n64sys.o)
                0x8001c5a0                __init_cop1
 .text.__MI_handler
                0x8001c5e0      0x220 /n64_toolchain/lib/gcc/mips64-elf/14.2.0/../../../../mips64-elf/lib/libdragon.a(interrupt.o)
                0x8001c5e0                __MI_handler
 .text.__MI_BB_handler
                0x8001c800      0x2c0 /n64_toolchain/lib/gcc/mips64-elf/14.2.0/../../../../mips64-elf/lib/libdragon.a(interrupt.o)
                0x8001c800                __MI_BB_handler
 .text.__TI_handler
                0x8001cac0       0x60 /n64_toolchain/lib/gcc/mips64-elf/14.2.0/../../../../mips64-elf/lib/libdragon.a(interrupt.o)
                0x8001cac0                __TI_handler
 .text.__CART_handler
                0x8001cb20       0xe0 /n64_toolchain/lib/gcc/mips64-elf/14.2.0/../../../../mips64-elf/lib/libdragon.a(interrupt.o)
                0x8001cb20                __CART_handler
 .text.__RESET_handler
                0x8001cc00       0x60 /n64_toolchain/lib/gcc/mips64-elf/14.2.0/../../../../mips64-elf/lib/libdragon.a(interrupt.o)
                0x8001cc00                __RESET_handler
 .text.register_VI_handler
                0x8001cc60       0x60 /n64_toolchain/lib/gcc/mips64-elf/14.2.0/../../../../mips64-elf/lib/libdragon.a(interrupt.o)
                0x8001cc60                register_VI_handler
 .text.unregister_VI_handler
                0x8001ccc0       0x60 /n64_toolchain/lib/gcc/mips64-elf/14.2.0/../../../../mips64-elf/lib/libdragon.a(interrupt.o)
                0x8001ccc0                unregister_VI_handler
 .text.register_SI_handler
                0x8001cd20       0x60 /n64_toolchain/lib/gcc/mips64-elf/14.2.0/../../../../mips64-elf/lib/libdragon.a(interrupt.o)
                0x8001cd20                register_SI_handler
 .text.register_TI_handler
                0x8001cd80       0x60 /n64_toolchain/lib/gcc/mips64-elf/14.2.0/../../../../mips64-elf/lib/libdragon.a(interrupt.o)
                0x8001cd80                register_TI_handler
 .text.unregister_TI_handler
                0x8001cde0       0x60 /n64_toolchain/lib/gcc/mips64-elf/14.2.0/../../../../mips64-elf/lib/libdragon.a(interrupt.o)
                0x8001cde0                unregister_TI_handler
 .text.register_RESET_handler
                0x8001ce40       0x80 /n64_toolchain/lib/gcc/mips64-elf/14.2.0/../../../../mips64-elf/lib/libdragon.a(interrupt.o)
                0x8001ce40                register_RESET_handler
 .text.unregister_RESET_handler
                0x8001cec0       0x80 /n64_toolchain/lib/gcc/mips64-elf/14.2.0/../../../../mips64-elf/lib/libdragon.a(interrupt.o)
                0x8001cec0                unregister_RESET_handler
 .text.set_VI_interrupt
                0x8001cf40       0x40 /n64_toolchain/lib/gcc/mips64-elf/14.2.0/../../../../mips64-elf/lib/libdragon.a(interrupt.o)
                0x8001cf40                set_VI_interrupt
 .text.set_SI_interrupt
                0x8001cf80       0x20 /n64_toolchain/lib/gcc/mips64-elf/14.2.0/../../../../mips64-elf/lib/libdragon.a(interrupt.o)
                0x8001cf80                set_SI_interrupt
 .text.set_TI_interrupt
                0x8001cfa0       0x40 /n64_toolchain/lib/gcc/mips64-elf/14.2.0/../../../../mips64-elf/lib/libdragon.a(interrupt.o)
                0x8001cfa0                set_TI_interrupt
 .text.startup.__init_interrupts
                0x8001cfe0       0x60 /n64_toolchain/lib/gcc/mips64-elf/14.2.0/../../../../mips64-elf/lib/libdragon.a(interrupt.o)
                0x8001cfe0                __init_interrupts
 .text.disable_interrupts
                0x8001d040       0x40 /n64_toolchain/lib/gcc/mips64-elf/14.2.0/../../../../mips64-elf/lib/libdragon.a(interrupt.o)
                0x8001d040                disable_interrupts
 .text.enable_interrupts
                0x8001d080       0x80 /n64_toolchain/lib/gcc/mips64-elf/14.2.0/../../../../mips64-elf/lib/libdragon.a(interrupt.o)
                0x8001d080                enable_interrupts
 .text.exception_reset_time
                0x8001d100       0x20 /n64_toolchain/lib/gcc/mips64-elf/14.2.0/../../../../mips64-elf/lib/libdragon.a(interrupt.o)
                0x8001d100                exception_reset_time
 .text.cb.0     0x8001d120       0x40 /n64_toolchain/lib/gcc/mips64-elf/14.2.0/../../../../mips64-elf/lib/libdragon.a(backtrace.o)
 .text.symt_open
                0x8001d160      0x200 /n64_toolchain/lib/gcc/mips64-elf/14.2.0/../../../../mips64-elf/lib/libdragon.a(backtrace.o)
 .text.symt_addrtab_entry.isra.0
                0x8001d360       0x60 /n64_toolchain/lib/gcc/mips64-elf/14.2.0/../../../../mips64-elf/lib/libdragon.a(backtrace.o)
 .text.format_entry
                0x8001d3c0      0x2a0 /n64_toolchain/lib/gcc/mips64-elf/14.2.0/../../../../mips64-elf/lib/libdragon.a(backtrace.o)
 .text.symt_addrtab_search
                0x8001d660      0x160 /n64_toolchain/lib/gcc/mips64-elf/14.2.0/../../../../mips64-elf/lib/libdragon.a(backtrace.o)
 .text.__symbolize
                0x8001d7c0      0x280 /n64_toolchain/lib/gcc/mips64-elf/14.2.0/../../../../mips64-elf/lib/libdragon.a(backtrace.o)
                0x8001d7c0                __symbolize
 .text.__bt_analyze_func
                0x8001da40      0x1c0 /n64_toolchain/lib/gcc/mips64-elf/14.2.0/../../../../mips64-elf/lib/libdragon.a(backtrace.o)
                0x8001da40                __bt_analyze_func
 .text.backtrace_foreach.constprop.0
                0x8001dc00      0x360 /n64_toolchain/lib/gcc/mips64-elf/14.2.0/../../../../mips64-elf/lib/libdragon.a(backtrace.o)
 .text.backtrace
                0x8001df60       0xe0 /n64_toolchain/lib/gcc/mips64-elf/14.2.0/../../../../mips64-elf/lib/libdragon.a(backtrace.o)
                0x8001df60                backtrace
 .text.backtrace_symbols_cb
                0x8001e040      0x320 /n64_toolchain/lib/gcc/mips64-elf/14.2.0/../../../../mips64-elf/lib/libdragon.a(backtrace.o)
                0x8001e040                backtrace_symbols_cb
 .text.backtrace_frame_print
                0x8001e360       0xa0 /n64_toolchain/lib/gcc/mips64-elf/14.2.0/../../../../mips64-elf/lib/libdragon.a(backtrace.o)
                0x8001e360                backtrace_frame_print
 .text.backtrace_frame_print_compact
                0x8001e400      0x140 /n64_toolchain/lib/gcc/mips64-elf/14.2.0/../../../../mips64-elf/lib/libdragon.a(backtrace.o)
                0x8001e400                backtrace_frame_print_compact
 .text.rompak_search_ext
                0x8001e540      0x220 /n64_toolchain/lib/gcc/mips64-elf/14.2.0/../../../../mips64-elf/lib/libdragon.a(rompak.o)
                0x8001e540                rompak_search_ext
 .text.must_open.part.0
                0x8001e760      0x100 /n64_toolchain/lib/gcc/mips64-elf/14.2.0/../../../../mips64-elf/lib/libdragon.a(asset.o)
 .text.asset_load
                0x8001e860      0x440 /n64_toolchain/lib/gcc/mips64-elf/14.2.0/../../../../mips64-elf/lib/libdragon.a(asset.o)
                0x8001e860                asset_load
 .text.timer_update_compare
                0x8001eca0       0x40 /n64_toolchain/lib/gcc/mips64-elf/14.2.0/../../../../mips64-elf/lib/libdragon.a(timer.o)
 .text.timer_poll
                0x8001ece0      0x1a0 /n64_toolchain/lib/gcc/mips64-elf/14.2.0/../../../../mips64-elf/lib/libdragon.a(timer.o)
 .text.timer_init
                0x8001ee80       0x60 /n64_toolchain/lib/gcc/mips64-elf/14.2.0/../../../../mips64-elf/lib/libdragon.a(timer.o)
                0x8001ee80                timer_init
 .text.new_timer_context
                0x8001eee0      0x100 /n64_toolchain/lib/gcc/mips64-elf/14.2.0/../../../../mips64-elf/lib/libdragon.a(timer.o)
                0x8001eee0                new_timer_context
 .text.restart_timer
                0x8001efe0       0x80 /n64_toolchain/lib/gcc/mips64-elf/14.2.0/../../../../mips64-elf/lib/libdragon.a(timer.o)
                0x8001efe0                restart_timer
 .text.stop_timer
                0x8001f060       0xe0 /n64_toolchain/lib/gcc/mips64-elf/14.2.0/../../../../mips64-elf/lib/libdragon.a(timer.o)
                0x8001f060                stop_timer
 .text.timer_close
                0x8001f140       0xc0 /n64_toolchain/lib/gcc/mips64-elf/14.2.0/../../../../mips64-elf/lib/libdragon.a(timer.o)
                0x8001f140                timer_close
 .text.joypad_transfer_pak_wait_timer_callback
                0x8001f200      0x140 /n64_toolchain/lib/gcc/mips64-elf/14.2.0/../../../../mips64-elf/lib/libdragon.a(joypad_accessory.o)
 .text.joypad_accessory_check_read_crc_error
                0x8001f340      0x1c0 /n64_toolchain/lib/gcc/mips64-elf/14.2.0/../../../../mips64-elf/lib/libdragon.a(joypad_accessory.o)
 .text.joypad_transfer_pak_enable_read_callback
                0x8001f500       0xc0 /n64_toolchain/lib/gcc/mips64-elf/14.2.0/../../../../mips64-elf/lib/libdragon.a(joypad_accessory.o)
 .text.joypad_accessory_check_write_crc_error
                0x8001f5c0      0x1c0 /n64_toolchain/lib/gcc/mips64-elf/14.2.0/../../../../mips64-elf/lib/libdragon.a(joypad_accessory.o)
 .text.joypad_accessory_detect_write_callback
                0x8001f780      0x360 /n64_toolchain/lib/gcc/mips64-elf/14.2.0/../../../../mips64-elf/lib/libdragon.a(joypad_accessory.o)
 .text.joypad_transfer_pak_enable_write_callback
                0x8001fae0      0x180 /n64_toolchain/lib/gcc/mips64-elf/14.2.0/../../../../mips64-elf/lib/libdragon.a(joypad_accessory.o)
 .text.joypad_accessory_detect_read_callback
                0x8001fc60      0x4e0 /n64_toolchain/lib/gcc/mips64-elf/14.2.0/../../../../mips64-elf/lib/libdragon.a(joypad_accessory.o)
 .text.joypad_accessory_reset
                0x80020140      0x140 /n64_toolchain/lib/gcc/mips64-elf/14.2.0/../../../../mips64-elf/lib/libdragon.a(joypad_accessory.o)
                0x80020140                joypad_accessory_reset
 .text.joypad_transfer_pak_wait_timer_init
                0x80020280       0xe0 /n64_toolchain/lib/gcc/mips64-elf/14.2.0/../../../../mips64-elf/lib/libdragon.a(joypad_accessory.o)
                0x80020280                joypad_transfer_pak_wait_timer_init
 .text.joypad_accessory_detect_async
                0x80020360      0x140 /n64_toolchain/lib/gcc/mips64-elf/14.2.0/../../../../mips64-elf/lib/libdragon.a(joypad_accessory.o)
                0x80020360                joypad_accessory_detect_async
 .text.decompress_lz4_full_inplace
                0x800204a0       0x20 /n64_toolchain/lib/gcc/mips64-elf/14.2.0/../../../../mips64-elf/lib/libdragon.a(lz4_dec.o)
                0x800204a0                decompress_lz4_full_inplace
 .text.decompress_lz4_init
                0x800204c0       0x60 /n64_toolchain/lib/gcc/mips64-elf/14.2.0/../../../../mips64-elf/lib/libdragon.a(lz4_dec.o)
                0x800204c0                decompress_lz4_init
 .text.decompress_lz4_reset
                0x80020520       0x40 /n64_toolchain/lib/gcc/mips64-elf/14.2.0/../../../../mips64-elf/lib/libdragon.a(lz4_dec.o)
                0x80020520                decompress_lz4_reset
 .text.decompress_lz4_read
                0x80020560      0x400 /n64_toolchain/lib/gcc/mips64-elf/14.2.0/../../../../mips64-elf/lib/libdragon.a(lz4_dec.o)
                0x80020560                decompress_lz4_read
 .text.decompress_lz4_full_fast
                0x80020960      0x1c0 /n64_toolchain/lib/gcc/mips64-elf/14.2.0/../../../../mips64-elf/lib/libdragon.a(lz4_dec_fast.o)
                0x80020960                decompress_lz4_full_fast
 .text.__ringbuf_init
                0x80020b20       0x80 /n64_toolchain/lib/gcc/mips64-elf/14.2.0/../../../../mips64-elf/lib/libdragon.a(ringbuf.o)
                0x80020b20                __ringbuf_init
 .text.__ringbuf_write
                0x80020ba0       0xc0 /n64_toolchain/lib/gcc/mips64-elf/14.2.0/../../../../mips64-elf/lib/libdragon.a(ringbuf.o)
                0x80020ba0                __ringbuf_write
 .text.__ringbuf_copy
                0x80020c60      0x1a0 /n64_toolchain/lib/gcc/mips64-elf/14.2.0/../../../../mips64-elf/lib/libdragon.a(ringbuf.o)
                0x80020c60                __ringbuf_copy
 .text.__get_fs_link_by_name
                0x80020e00       0xe0 /n64_toolchain/lib/gcc/mips64-elf/14.2.0/../../../../mips64-elf/lib/libdragonsys.a(system.o)
 .text.attach_filesystem
                0x80020ee0      0x200 /n64_toolchain/lib/gcc/mips64-elf/14.2.0/../../../../mips64-elf/lib/libdragonsys.a(system.o)
                0x80020ee0                attach_filesystem
 .text.close    0x800210e0       0xe0 /n64_toolchain/lib/gcc/mips64-elf/14.2.0/../../../../mips64-elf/lib/libdragonsys.a(system.o)
                0x800210e0                close
 .text._exit    0x800211c0       0x20 /n64_toolchain/lib/gcc/mips64-elf/14.2.0/../../../../mips64-elf/lib/libdragonsys.a(system.o)
                0x800211c0                _exit
 .text.fstat    0x800211e0      0x100 /n64_toolchain/lib/gcc/mips64-elf/14.2.0/../../../../mips64-elf/lib/libdragonsys.a(system.o)
                0x800211e0                fstat
 .text.getpid   0x800212e0       0x40 /n64_toolchain/lib/gcc/mips64-elf/14.2.0/../../../../mips64-elf/lib/libdragonsys.a(system.o)
                0x800212e0                getpid
 .text.gettimeofday
                0x80021320       0x60 /n64_toolchain/lib/gcc/mips64-elf/14.2.0/../../../../mips64-elf/lib/libdragonsys.a(system.o)
                0x80021320                gettimeofday
 .text.isatty   0x80021380       0x40 /n64_toolchain/lib/gcc/mips64-elf/14.2.0/../../../../mips64-elf/lib/libdragonsys.a(system.o)
                0x80021380                isatty
 .text.kill     0x800213c0       0x40 /n64_toolchain/lib/gcc/mips64-elf/14.2.0/../../../../mips64-elf/lib/libdragonsys.a(system.o)
                0x800213c0                kill
 .text.lseek    0x80021400      0x100 /n64_toolchain/lib/gcc/mips64-elf/14.2.0/../../../../mips64-elf/lib/libdragonsys.a(system.o)
                0x80021400                lseek
 .text.open     0x80021500      0x2c0 /n64_toolchain/lib/gcc/mips64-elf/14.2.0/../../../../mips64-elf/lib/libdragonsys.a(system.o)
                0x80021500                open
 .text.read     0x800217c0      0x140 /n64_toolchain/lib/gcc/mips64-elf/14.2.0/../../../../mips64-elf/lib/libdragonsys.a(system.o)
                0x800217c0                read
 .text.sbrk     0x80021900      0x120 /n64_toolchain/lib/gcc/mips64-elf/14.2.0/../../../../mips64-elf/lib/libdragonsys.a(system.o)
                0x80021900                sbrk
 .text.write    0x80021a20      0x140 /n64_toolchain/lib/gcc/mips64-elf/14.2.0/../../../../mips64-elf/lib/libdragonsys.a(system.o)
                0x80021a20                write
 .text.hook_stdio_calls
                0x80021b60       0x60 /n64_toolchain/lib/gcc/mips64-elf/14.2.0/../../../../mips64-elf/lib/libdragonsys.a(system.o)
                0x80021b60                hook_stdio_calls
 .text._flush_cache
                0x80021bc0       0x40 /n64_toolchain/lib/gcc/mips64-elf/14.2.0/../../../../mips64-elf/lib/libdragonsys.a(system.o)
                0x80021bc0                _flush_cache
 .text.__assert_func
                0x80021c00       0x20 /n64_toolchain/lib/gcc/mips64-elf/14.2.0/../../../../mips64-elf/lib/libdragonsys.a(system.o)
                0x80021c00                __assert_func
 *(keep.text.*)
 *(.init)
 .init          0x80021c20        0x8 /n64_toolchain/lib/gcc/mips64-elf/14.2.0/crti.o
                0x80021c20                _init
 *(.fini)
 .fini          0x80021c28        0x8 /n64_toolchain/lib/gcc/mips64-elf/14.2.0/crti.o
                0x80021c28                _fini
 *(.gnu.linkonce.t.*)
                0x80021c30                        . = ALIGN (0x10)
                0x80021c30                        __text_end = .

.eh_frame_hdr
 *(.eh_frame_hdr)

.eh_frame       0x80021c30        0x4
                0x80021c30                        __EH_FRAME_BEGIN__ = .
 *(.eh_frame)
 .eh_frame      0x80021c30        0x0 /n64_toolchain/lib/gcc/mips64-elf/14.2.0/crtbegin.o
 .eh_frame      0x80021c30        0x4 /n64_toolchain/lib/gcc/mips64-elf/14.2.0/crtend.o

.gcc_except_table
 *(.gcc_except_table*)

.jcr
 *(.jcr)

.rodata         0x80021c38     0x5a70
 *(.rdata)
 *(.rodata)
 .rodata        0x80021c38      0x188 /n64_toolchain/lib/gcc/mips64-elf/14.2.0/../../../../mips64-elf/lib/libc.a(libc_a-vfprintf.o)
 .rodata        0x80021dc0      0x188 /n64_toolchain/lib/gcc/mips64-elf/14.2.0/../../../../mips64-elf/lib/libc.a(libc_a-svfprintf.o)
 .rodata        0x80021f48      0x23c /n64_toolchain/lib/gcc/mips64-elf/14.2.0/../../../../mips64-elf/lib/libc.a(libc_a-strerror.o)
 *fill*         0x80022184        0x4 
 .rodata        0x80022188      0x128 /n64_toolchain/lib/gcc/mips64-elf/14.2.0/../../../../mips64-elf/lib/libc.a(libc_a-mprec.o)
                0x80022198                __mprec_tinytens
                0x800221c0                __mprec_bigtens
                0x800221e8                __mprec_tens
 .rodata        0x800222b0      0x288 /n64_toolchain/lib/gcc/mips64-elf/14.2.0/../../../../mips64-elf/lib/libc.a(libc_a-ctype_.o)
                0x800222b0                _ctype_
                0x800223b8                _ctype_b
 *(.rodata.*)
 .rodata.menu_loop.str1.8
                0x80022538     0x3d36 build/main.o
                                 0x7d (size before relaxing)
 .rodata.setup.str1.8
                0x8002626e       0xe1 build/main.o
 .rodata.load_battle_sprites.str1.8
                0x8002626e      0x104 build/main.o
 .rodata.battle_loop.str1.8
                0x8002626e      0x124 build/main.o
 *fill*         0x8002626e        0x2 
 .rodata.battle_loop
                0x80026270       0x1c build/main.o
 .rodata.choose_character.str1.8
                0x8002628c       0x4f build/main.o
 .rodata.explore_loop.str1.8
                0x8002628c       0x21 build/main.o
 .rodata.gameOver.str1.8
                0x8002628c       0x3a build/main.o
 *fill*         0x8002628c        0x4 
 .rodata.RESOLUTION_320x240
                0x80026290        0xc build/main.o
 .rodata.cb.0.str1.8
                0x8002629c       0x1d /n64_toolchain/lib/gcc/mips64-elf/14.2.0/../../../../mips64-elf/lib/libdragon.a(debug.o)
 .rodata.debug_assert_func_f.str1.8
                0x8002629c       0x45 /n64_toolchain/lib/gcc/mips64-elf/14.2.0/../../../../mips64-elf/lib/libdragon.a(debug.o)
 .rodata.debug_hexdump.str1.8
                0x8002629c       0x33 /n64_toolchain/lib/gcc/mips64-elf/14.2.0/../../../../mips64-elf/lib/libdragon.a(debug.o)
 .rodata.__debug_backtrace.str1.8
                0x8002629c        0xc /n64_toolchain/lib/gcc/mips64-elf/14.2.0/../../../../mips64-elf/lib/libdragon.a(debug.o)
 .rodata.__open.str1.8
                0x8002629c        0x2 /n64_toolchain/lib/gcc/mips64-elf/14.2.0/../../../../mips64-elf/lib/libdragon.a(dragonfs.o)
 .rodata.dfs_init.str1.8
                0x8002629c       0x9e /n64_toolchain/lib/gcc/mips64-elf/14.2.0/../../../../mips64-elf/lib/libdragon.a(dragonfs.o)
 *fill*         0x8002629c        0x4 
 .rodata.__func__.0
                0x800262a0       0x16 /n64_toolchain/lib/gcc/mips64-elf/14.2.0/../../../../mips64-elf/lib/libdragon.a(dragonfs.o)
 .rodata.display_show.part.0.str1.8
                0x800262b6       0xf9 /n64_toolchain/lib/gcc/mips64-elf/14.2.0/../../../../mips64-elf/lib/libdragon.a(display.o)
 .rodata.display_init.str1.8
                0x800262b6      0x251 /n64_toolchain/lib/gcc/mips64-elf/14.2.0/../../../../mips64-elf/lib/libdragon.a(display.o)
 *fill*         0x800262b6        0x2 
 .rodata.display_init
                0x800262b8       0x14 /n64_toolchain/lib/gcc/mips64-elf/14.2.0/../../../../mips64-elf/lib/libdragon.a(display.o)
 .rodata.display_get.str1.8
                0x800262cc       0x1c /n64_toolchain/lib/gcc/mips64-elf/14.2.0/../../../../mips64-elf/lib/libdragon.a(display.o)
 *fill*         0x800262cc        0x4 
 .rodata.__func__.0
                0x800262d0        0xd /n64_toolchain/lib/gcc/mips64-elf/14.2.0/../../../../mips64-elf/lib/libdragon.a(display.o)
 *fill*         0x800262dd        0x3 
 .rodata.__func__.1
                0x800262e0        0xc /n64_toolchain/lib/gcc/mips64-elf/14.2.0/../../../../mips64-elf/lib/libdragon.a(display.o)
 *fill*         0x800262ec        0x4 
 .rodata.__func__.4
                0x800262f0        0xd /n64_toolchain/lib/gcc/mips64-elf/14.2.0/../../../../mips64-elf/lib/libdragon.a(display.o)
 *fill*         0x800262fd        0x3 
 .rodata.vi_config_presets
                0x80026300      0x150 /n64_toolchain/lib/gcc/mips64-elf/14.2.0/../../../../mips64-elf/lib/libdragon.a(display.o)
 .rodata.surface_alloc.str1.8
                0x80026450       0x62 /n64_toolchain/lib/gcc/mips64-elf/14.2.0/../../../../mips64-elf/lib/libdragon.a(surface.o)
 .rodata.__func__.1
                0x80026450        0xe /n64_toolchain/lib/gcc/mips64-elf/14.2.0/../../../../mips64-elf/lib/libdragon.a(surface.o)
 *fill*         0x8002645e        0x2 
 .rodata.RESOLUTION_640x240
                0x80026460        0xc /n64_toolchain/lib/gcc/mips64-elf/14.2.0/../../../../mips64-elf/lib/libdragon.a(console.o)
 *fill*         0x8002646c        0x4 
 .rodata.__font_data
                0x80026470      0x800 /n64_toolchain/lib/gcc/mips64-elf/14.2.0/../../../../mips64-elf/lib/libdragon.a(graphics.o)
 .rodata.rsp_load_code.str1.8
                0x80026c70       0x47 /n64_toolchain/lib/gcc/mips64-elf/14.2.0/../../../../mips64-elf/lib/libdragon.a(rsp.o)
 .rodata.rsp_load_data.str1.8
                0x80026c70       0x17 /n64_toolchain/lib/gcc/mips64-elf/14.2.0/../../../../mips64-elf/lib/libdragon.a(rsp.o)
 .rodata.__rsp_crash.str1.8
                0x80026c70      0x7ef /n64_toolchain/lib/gcc/mips64-elf/14.2.0/../../../../mips64-elf/lib/libdragon.a(rsp.o)
 .rodata.rsp_wait.str1.8
                0x80026c70       0x1c /n64_toolchain/lib/gcc/mips64-elf/14.2.0/../../../../mips64-elf/lib/libdragon.a(rsp.o)
 .rodata.__func__.0
                0x80026c70        0x9 /n64_toolchain/lib/gcc/mips64-elf/14.2.0/../../../../mips64-elf/lib/libdragon.a(rsp.o)
 *fill*         0x80026c79        0x7 
 .rodata.__func__.1
                0x80026c80        0xe /n64_toolchain/lib/gcc/mips64-elf/14.2.0/../../../../mips64-elf/lib/libdragon.a(rsp.o)
 *fill*         0x80026c8e        0x2 
 .rodata.__func__.2
                0x80026c90        0xe /n64_toolchain/lib/gcc/mips64-elf/14.2.0/../../../../mips64-elf/lib/libdragon.a(rsp.o)
 *fill*         0x80026c9e        0x2 
 .rodata.__func__.3
                0x80026ca0        0xe /n64_toolchain/lib/gcc/mips64-elf/14.2.0/../../../../mips64-elf/lib/libdragon.a(rsp.o)
 *fill*         0x80026cae        0x2 
 .rodata.__func__.4
                0x80026cb0        0xe /n64_toolchain/lib/gcc/mips64-elf/14.2.0/../../../../mips64-elf/lib/libdragon.a(rsp.o)
 .rodata.str1.8
                0x80026cbe        0xa /n64_toolchain/lib/gcc/mips64-elf/14.2.0/../../../../mips64-elf/lib/libdragon.a(rsp.o)
 .rodata.cb.2.str1.8
                0x80026cbe       0x22 /n64_toolchain/lib/gcc/mips64-elf/14.2.0/../../../../mips64-elf/lib/libdragon.a(inspector.o)
 .rodata.cb.1.str1.8
                0x80026cbe        0xc /n64_toolchain/lib/gcc/mips64-elf/14.2.0/../../../../mips64-elf/lib/libdragon.a(inspector.o)
 .rodata.cb.0.str1.8
                0x80026cbe       0x27 /n64_toolchain/lib/gcc/mips64-elf/14.2.0/../../../../mips64-elf/lib/libdragon.a(inspector.o)
 .rodata.cb.3.str1.8
                0x80026cbe       0x2a /n64_toolchain/lib/gcc/mips64-elf/14.2.0/../../../../mips64-elf/lib/libdragon.a(inspector.o)
 *fill*         0x80026cbe        0x2 
 .rodata.inspector_stdout
                0x80026cc0       0x54 /n64_toolchain/lib/gcc/mips64-elf/14.2.0/../../../../mips64-elf/lib/libdragon.a(inspector.o)
 .rodata.mips_disasm.str1.8
                0x80026d14      0x1ce /n64_toolchain/lib/gcc/mips64-elf/14.2.0/../../../../mips64-elf/lib/libdragon.a(inspector.o)
 .rodata.mips_disasm
                0x80026d14       0xc0 /n64_toolchain/lib/gcc/mips64-elf/14.2.0/../../../../mips64-elf/lib/libdragon.a(inspector.o)
 .rodata.inspector.str1.8
                0x80026dd4      0x22c /n64_toolchain/lib/gcc/mips64-elf/14.2.0/../../../../mips64-elf/lib/libdragon.a(inspector.o)
 .rodata.inspector
                0x80026dd4       0x14 /n64_toolchain/lib/gcc/mips64-elf/14.2.0/../../../../mips64-elf/lib/libdragon.a(inspector.o)
 .rodata.str1.8
                0x80026de8      0x6cb /n64_toolchain/lib/gcc/mips64-elf/14.2.0/../../../../mips64-elf/lib/libdragon.a(inspector.o)
 .rodata.CSWTCH.136
                0x80026de8       0x14 /n64_toolchain/lib/gcc/mips64-elf/14.2.0/../../../../mips64-elf/lib/libdragon.a(inspector.o)
 *fill*         0x80026dfc        0x4 
 .rodata.fpu_ops.7
                0x80026e00      0x100 /n64_toolchain/lib/gcc/mips64-elf/14.2.0/../../../../mips64-elf/lib/libdragon.a(inspector.o)
 .rodata.special.8
                0x80026f00      0x100 /n64_toolchain/lib/gcc/mips64-elf/14.2.0/../../../../mips64-elf/lib/libdragon.a(inspector.o)
 .rodata.ops.9  0x80027000      0x100 /n64_toolchain/lib/gcc/mips64-elf/14.2.0/../../../../mips64-elf/lib/libdragon.a(inspector.o)
 .rodata.RESOLUTION_640x240
                0x80027100        0xc /n64_toolchain/lib/gcc/mips64-elf/14.2.0/../../../../mips64-elf/lib/libdragon.a(inspector.o)
 .rodata.__sprite_upgrade.part.0.str1.8
                0x8002710c       0x85 /n64_toolchain/lib/gcc/mips64-elf/14.2.0/../../../../mips64-elf/lib/libdragon.a(sprite.o)
 .rodata.sprite_load_buf.part.0.str1.8
                0x8002710c       0x38 /n64_toolchain/lib/gcc/mips64-elf/14.2.0/../../../../mips64-elf/lib/libdragon.a(sprite.o)
 .rodata.__sprite_ext.str1.8
                0x8002710c       0x58 /n64_toolchain/lib/gcc/mips64-elf/14.2.0/../../../../mips64-elf/lib/libdragon.a(sprite.o)
 *fill*         0x8002710c        0x4 
 .rodata.__func__.3
                0x80027110       0x10 /n64_toolchain/lib/gcc/mips64-elf/14.2.0/../../../../mips64-elf/lib/libdragon.a(sprite.o)
 .rodata.__func__.4
                0x80027120       0x11 /n64_toolchain/lib/gcc/mips64-elf/14.2.0/../../../../mips64-elf/lib/libdragon.a(sprite.o)
 *fill*         0x80027131        0x7 
 .rodata.__func__.5
                0x80027138        0xd /n64_toolchain/lib/gcc/mips64-elf/14.2.0/../../../../mips64-elf/lib/libdragon.a(sprite.o)
 .rodata.dma_write_raw_async.part.0.str1.8
                0x80027145       0x12 /n64_toolchain/lib/gcc/mips64-elf/14.2.0/../../../../mips64-elf/lib/libdragon.a(dma.o)
 .rodata.dma_read_async.str1.8
                0x80027145       0x8d /n64_toolchain/lib/gcc/mips64-elf/14.2.0/../../../../mips64-elf/lib/libdragon.a(dma.o)
 *fill*         0x80027145        0x3 
 .rodata.__func__.0
                0x80027148        0xf /n64_toolchain/lib/gcc/mips64-elf/14.2.0/../../../../mips64-elf/lib/libdragon.a(dma.o)
 *fill*         0x80027157        0x1 
 .rodata.__func__.1
                0x80027158       0x14 /n64_toolchain/lib/gcc/mips64-elf/14.2.0/../../../../mips64-elf/lib/libdragon.a(dma.o)
 .rodata.cb.0.str1.8
                0x8002716c       0x17 /n64_toolchain/lib/gcc/mips64-elf/14.2.0/../../../../mips64-elf/lib/libdragon.a(exception.o)
 .rodata.cb.1.str1.8
                0x8002716c       0x19 /n64_toolchain/lib/gcc/mips64-elf/14.2.0/../../../../mips64-elf/lib/libdragon.a(exception.o)
 .rodata.__get_exception_name.isra.0.str1.8
                0x8002716c      0x34b /n64_toolchain/lib/gcc/mips64-elf/14.2.0/../../../../mips64-elf/lib/libdragon.a(exception.o)
 .rodata.__get_exception_name.isra.0
                0x8002716c       0x40 /n64_toolchain/lib/gcc/mips64-elf/14.2.0/../../../../mips64-elf/lib/libdragon.a(exception.o)
 .rodata.__exception_dump_header.str1.8
                0x800271ac      0x1a5 /n64_toolchain/lib/gcc/mips64-elf/14.2.0/../../../../mips64-elf/lib/libdragon.a(exception.o)
 .rodata.__exception_dump_header
                0x800271ac       0x60 /n64_toolchain/lib/gcc/mips64-elf/14.2.0/../../../../mips64-elf/lib/libdragon.a(exception.o)
 .rodata.__exception_dump_gpr.str1.8
                0x8002720c       0x34 /n64_toolchain/lib/gcc/mips64-elf/14.2.0/../../../../mips64-elf/lib/libdragon.a(exception.o)
 .rodata.__exception_dump_fpr.str1.8
                0x8002720c       0x3e /n64_toolchain/lib/gcc/mips64-elf/14.2.0/../../../../mips64-elf/lib/libdragon.a(exception.o)
 .rodata.exception_default_handler.str1.8
                0x8002720c       0x3e /n64_toolchain/lib/gcc/mips64-elf/14.2.0/../../../../mips64-elf/lib/libdragon.a(exception.o)
 .rodata.register_syscall_handler.str1.8
                0x8002720c      0x143 /n64_toolchain/lib/gcc/mips64-elf/14.2.0/../../../../mips64-elf/lib/libdragon.a(exception.o)
 *fill*         0x8002720c        0x4 
 .rodata.__func__.2
                0x80027210       0x19 /n64_toolchain/lib/gcc/mips64-elf/14.2.0/../../../../mips64-elf/lib/libdragon.a(exception.o)
 .rodata.str1.8
                0x80027229      0x166 /n64_toolchain/lib/gcc/mips64-elf/14.2.0/../../../../mips64-elf/lib/libdragon.a(exception.o)
 *fill*         0x80027229        0x7 
 .rodata.exceptionMap.3
                0x80027230       0x80 /n64_toolchain/lib/gcc/mips64-elf/14.2.0/../../../../mips64-elf/lib/libdragon.a(exception.o)
 .rodata.__do_global_ctors.str1.8
                0x800272b0       0xa1 /n64_toolchain/lib/gcc/mips64-elf/14.2.0/../../../../mips64-elf/lib/libdragon.a(do_ctors.o)
 .rodata.__wrap___do_global_ctors.str1.8
                0x800272b0       0xbb /n64_toolchain/lib/gcc/mips64-elf/14.2.0/../../../../mips64-elf/lib/libdragon.a(do_ctors.o)
 .rodata.__func__.0
                0x800272b0       0x19 /n64_toolchain/lib/gcc/mips64-elf/14.2.0/../../../../mips64-elf/lib/libdragon.a(do_ctors.o)
 *fill*         0x800272c9        0x7 
 .rodata.SI_read_con_block.6
                0x800272d0       0x40 /n64_toolchain/lib/gcc/mips64-elf/14.2.0/../../../../mips64-elf/lib/libdragon.a(controller.o)
 .rodata.xor_table.1
                0x80027310       0x20 /n64_toolchain/lib/gcc/mips64-elf/14.2.0/../../../../mips64-elf/lib/libdragon.a(joybus_accessory.o)
 .rodata.joybus_msg_send.str1.8
                0x80027330       0x5c /n64_toolchain/lib/gcc/mips64-elf/14.2.0/../../../../mips64-elf/lib/libdragon.a(joybus.o)
 .rodata.si_interrupt.str1.8
                0x80027330       0x40 /n64_toolchain/lib/gcc/mips64-elf/14.2.0/../../../../mips64-elf/lib/libdragon.a(joybus.o)
 .rodata.joybus_exec_async.str1.8
                0x80027330       0x4a /n64_toolchain/lib/gcc/mips64-elf/14.2.0/../../../../mips64-elf/lib/libdragon.a(joybus.o)
 .rodata.__func__.1
                0x80027330       0x12 /n64_toolchain/lib/gcc/mips64-elf/14.2.0/../../../../mips64-elf/lib/libdragon.a(joybus.o)
 *fill*         0x80027342        0x6 
 .rodata.__func__.2
                0x80027348       0x10 /n64_toolchain/lib/gcc/mips64-elf/14.2.0/../../../../mips64-elf/lib/libdragon.a(joybus.o)
 .rodata.__func__.3
                0x80027358       0x10 /n64_toolchain/lib/gcc/mips64-elf/14.2.0/../../../../mips64-elf/lib/libdragon.a(joybus.o)
 .rodata.__func__.4
                0x80027368        0xd /n64_toolchain/lib/gcc/mips64-elf/14.2.0/../../../../mips64-elf/lib/libdragon.a(joybus.o)
 .rodata.joypad_get_axis_values.constprop.0.str1.8
                0x80027375       0xa7 /n64_toolchain/lib/gcc/mips64-elf/14.2.0/../../../../mips64-elf/lib/libdragon.a(joypad.o)
 *fill*         0x80027375        0x3 
 .rodata.__func__.3
                0x80027378       0x1b /n64_toolchain/lib/gcc/mips64-elf/14.2.0/../../../../mips64-elf/lib/libdragon.a(joypad.o)
 *fill*         0x80027393        0x5 
 .rodata.__func__.5
                0x80027398       0x12 /n64_toolchain/lib/gcc/mips64-elf/14.2.0/../../../../mips64-elf/lib/libdragon.a(joypad.o)
 *fill*         0x800273aa        0x6 
 .rodata.__func__.9
                0x800273b0       0x1c /n64_toolchain/lib/gcc/mips64-elf/14.2.0/../../../../mips64-elf/lib/libdragon.a(joypad.o)
 *fill*         0x800273cc        0x4 
 .rodata.__func__.16
                0x800273d0       0x14 /n64_toolchain/lib/gcc/mips64-elf/14.2.0/../../../../mips64-elf/lib/libdragon.a(joypad.o)
 *fill*         0x800273e4        0x4 
 .rodata.__func__.18
                0x800273e8        0xc /n64_toolchain/lib/gcc/mips64-elf/14.2.0/../../../../mips64-elf/lib/libdragon.a(joypad.o)
 *fill*         0x800273f4        0x4 
 .rodata.__func__.19
                0x800273f8        0xc /n64_toolchain/lib/gcc/mips64-elf/14.2.0/../../../../mips64-elf/lib/libdragon.a(joypad.o)
 *fill*         0x80027404        0x4 
 .rodata.__func__.20
                0x80027408        0xd /n64_toolchain/lib/gcc/mips64-elf/14.2.0/../../../../mips64-elf/lib/libdragon.a(joypad.o)
 .rodata.data_cache_hit_invalidate.str1.8
                0x80027415       0x45 /n64_toolchain/lib/gcc/mips64-elf/14.2.0/../../../../mips64-elf/lib/libdragon.a(n64sys.o)
 *fill*         0x80027415        0x3 
 .rodata.__func__.1
                0x80027418       0x1a /n64_toolchain/lib/gcc/mips64-elf/14.2.0/../../../../mips64-elf/lib/libdragon.a(n64sys.o)
 .rodata.__MI_BB_handler.str1.8
                0x80027432      0x18e /n64_toolchain/lib/gcc/mips64-elf/14.2.0/../../../../mips64-elf/lib/libdragon.a(interrupt.o)
 .rodata.__CART_handler.str1.8
                0x80027432       0x7a /n64_toolchain/lib/gcc/mips64-elf/14.2.0/../../../../mips64-elf/lib/libdragon.a(interrupt.o)
 .rodata.register_RESET_handler.str1.8
                0x80027432       0x1b /n64_toolchain/lib/gcc/mips64-elf/14.2.0/../../../../mips64-elf/lib/libdragon.a(interrupt.o)
 .rodata.unregister_RESET_handler.str1.8
                0x80027432       0x19 /n64_toolchain/lib/gcc/mips64-elf/14.2.0/../../../../mips64-elf/lib/libdragon.a(interrupt.o)
 .rodata.enable_interrupts.str1.8
                0x80027432       0x3c /n64_toolchain/lib/gcc/mips64-elf/14.2.0/../../../../mips64-elf/lib/libdragon.a(interrupt.o)
 *fill*         0x80027432        0x6 
 .rodata.__func__.0
                0x80027438       0x12 /n64_toolchain/lib/gcc/mips64-elf/14.2.0/../../../../mips64-elf/lib/libdragon.a(interrupt.o)
 *fill*         0x8002744a        0x6 
 .rodata.__func__.1
                0x80027450       0x19 /n64_toolchain/lib/gcc/mips64-elf/14.2.0/../../../../mips64-elf/lib/libdragon.a(interrupt.o)
 *fill*         0x80027469        0x7 
 .rodata.__func__.2
                0x80027470       0x17 /n64_toolchain/lib/gcc/mips64-elf/14.2.0/../../../../mips64-elf/lib/libdragon.a(interrupt.o)
 *fill*         0x80027487        0x1 
 .rodata.__func__.3
                0x80027488        0xf /n64_toolchain/lib/gcc/mips64-elf/14.2.0/../../../../mips64-elf/lib/libdragon.a(interrupt.o)
 *fill*         0x80027497        0x1 
 .rodata.__func__.5
                0x80027498       0x10 /n64_toolchain/lib/gcc/mips64-elf/14.2.0/../../../../mips64-elf/lib/libdragon.a(interrupt.o)
 .rodata.symt_open.str1.8
                0x800274a8       0xc3 /n64_toolchain/lib/gcc/mips64-elf/14.2.0/../../../../mips64-elf/lib/libdragon.a(backtrace.o)
 .rodata.symt_addrtab_entry.isra.0.str1.8
                0x800274a8       0x38 /n64_toolchain/lib/gcc/mips64-elf/14.2.0/../../../../mips64-elf/lib/libdragon.a(backtrace.o)
 .rodata.format_entry.str1.8
                0x800274a8       0x14 /n64_toolchain/lib/gcc/mips64-elf/14.2.0/../../../../mips64-elf/lib/libdragon.a(backtrace.o)
 .rodata.__symbolize.str1.8
                0x800274a8       0x13 /n64_toolchain/lib/gcc/mips64-elf/14.2.0/../../../../mips64-elf/lib/libdragon.a(backtrace.o)
 .rodata.__bt_analyze_func.str1.8
                0x800274a8       0x42 /n64_toolchain/lib/gcc/mips64-elf/14.2.0/../../../../mips64-elf/lib/libdragon.a(backtrace.o)
 .rodata.backtrace_foreach.constprop.0.str1.8
                0x800274a8       0x81 /n64_toolchain/lib/gcc/mips64-elf/14.2.0/../../../../mips64-elf/lib/libdragon.a(backtrace.o)
 .rodata.backtrace_symbols_cb.str1.8
                0x800274a8       0x22 /n64_toolchain/lib/gcc/mips64-elf/14.2.0/../../../../mips64-elf/lib/libdragon.a(backtrace.o)
 .rodata.backtrace_frame_print.str1.8
                0x800274a8       0x35 /n64_toolchain/lib/gcc/mips64-elf/14.2.0/../../../../mips64-elf/lib/libdragon.a(backtrace.o)
 .rodata.backtrace_frame_print_compact.str1.8
                0x800274a8       0x2a /n64_toolchain/lib/gcc/mips64-elf/14.2.0/../../../../mips64-elf/lib/libdragon.a(backtrace.o)
 .rodata.__func__.3
                0x800274a8       0x13 /n64_toolchain/lib/gcc/mips64-elf/14.2.0/../../../../mips64-elf/lib/libdragon.a(backtrace.o)
 .rodata.rompak_search_ext.str1.8
                0x800274bb       0xb7 /n64_toolchain/lib/gcc/mips64-elf/14.2.0/../../../../mips64-elf/lib/libdragon.a(rompak.o)
 *fill*         0x800274bb        0x5 
 .rodata.__func__.0
                0x800274c0       0x12 /n64_toolchain/lib/gcc/mips64-elf/14.2.0/../../../../mips64-elf/lib/libdragon.a(rompak.o)
 .rodata.readfn_cmp.str1.8
                0x800274d2       0x64 /n64_toolchain/lib/gcc/mips64-elf/14.2.0/../../../../mips64-elf/lib/libdragon.a(asset.o)
 .rodata.must_open.part.0.str1.8
                0x800274d2       0xd3 /n64_toolchain/lib/gcc/mips64-elf/14.2.0/../../../../mips64-elf/lib/libdragon.a(asset.o)
 .rodata.asset_load.str1.8
                0x800274d2      0x1e0 /n64_toolchain/lib/gcc/mips64-elf/14.2.0/../../../../mips64-elf/lib/libdragon.a(asset.o)
 *fill*         0x800274d2        0x6 
 .rodata.__func__.3
                0x800274d8       0x13 /n64_toolchain/lib/gcc/mips64-elf/14.2.0/../../../../mips64-elf/lib/libdragon.a(asset.o)
 *fill*         0x800274eb        0x5 
 .rodata.__func__.4
                0x800274f0        0xb /n64_toolchain/lib/gcc/mips64-elf/14.2.0/../../../../mips64-elf/lib/libdragon.a(asset.o)
 *fill*         0x800274fb        0x5 
 .rodata.__func__.5
                0x80027500        0xa /n64_toolchain/lib/gcc/mips64-elf/14.2.0/../../../../mips64-elf/lib/libdragon.a(asset.o)
 .rodata.timer_poll.str1.8
                0x8002750a       0x89 /n64_toolchain/lib/gcc/mips64-elf/14.2.0/../../../../mips64-elf/lib/libdragon.a(timer.o)
 .rodata.new_timer.str1.8
                0x8002750a       0x35 /n64_toolchain/lib/gcc/mips64-elf/14.2.0/../../../../mips64-elf/lib/libdragon.a(timer.o)
 *fill*         0x8002750a        0x6 
 .rodata.__func__.1
                0x80027510        0xc /n64_toolchain/lib/gcc/mips64-elf/14.2.0/../../../../mips64-elf/lib/libdragon.a(timer.o)
 *fill*         0x8002751c        0x4 
 .rodata.__func__.3
                0x80027520        0xb /n64_toolchain/lib/gcc/mips64-elf/14.2.0/../../../../mips64-elf/lib/libdragon.a(timer.o)
 *fill*         0x8002752b        0x5 
 .rodata.__func__.6
                0x80027530       0x12 /n64_toolchain/lib/gcc/mips64-elf/14.2.0/../../../../mips64-elf/lib/libdragon.a(timer.o)
 *fill*         0x80027542        0x6 
 .rodata.__func__.8
                0x80027548        0xb /n64_toolchain/lib/gcc/mips64-elf/14.2.0/../../../../mips64-elf/lib/libdragon.a(timer.o)
 .rodata.joypad_accessory_check_read_crc_error.str1.8
                0x80027553       0x57 /n64_toolchain/lib/gcc/mips64-elf/14.2.0/../../../../mips64-elf/lib/libdragon.a(joypad_accessory.o)
 *fill*         0x80027553        0x1 
 .rodata.joypad_accessory_detect_write_callback
                0x80027554       0x34 /n64_toolchain/lib/gcc/mips64-elf/14.2.0/../../../../mips64-elf/lib/libdragon.a(joypad_accessory.o)
 .rodata.joypad_transfer_pak_enable_write_callback.str1.8
                0x80027588       0x33 /n64_toolchain/lib/gcc/mips64-elf/14.2.0/../../../../mips64-elf/lib/libdragon.a(joypad_accessory.o)
 .rodata.joypad_accessory_detect_read_callback
                0x80027588       0x2c /n64_toolchain/lib/gcc/mips64-elf/14.2.0/../../../../mips64-elf/lib/libdragon.a(joypad_accessory.o)
 .rodata.joypad_accessory_reset.str1.8
                0x800275b4       0x2a /n64_toolchain/lib/gcc/mips64-elf/14.2.0/../../../../mips64-elf/lib/libdragon.a(joypad_accessory.o)
 *fill*         0x800275b4        0x4 
 .rodata.__func__.8
                0x800275b8       0x1e /n64_toolchain/lib/gcc/mips64-elf/14.2.0/../../../../mips64-elf/lib/libdragon.a(joypad_accessory.o)
 *fill*         0x800275d6        0x2 
 .rodata.__func__.9
                0x800275d8       0x27 /n64_toolchain/lib/gcc/mips64-elf/14.2.0/../../../../mips64-elf/lib/libdragon.a(joypad_accessory.o)
 *fill*         0x800275ff        0x1 
 .rodata.__func__.10
                0x80027600       0x2a /n64_toolchain/lib/gcc/mips64-elf/14.2.0/../../../../mips64-elf/lib/libdragon.a(joypad_accessory.o)
 *fill*         0x8002762a        0x6 
 .rodata.__func__.11
                0x80027630       0x26 /n64_toolchain/lib/gcc/mips64-elf/14.2.0/../../../../mips64-elf/lib/libdragon.a(joypad_accessory.o)
 *fill*         0x80027656        0x2 
 .rodata.__func__.12
                0x80027658       0x24 /n64_toolchain/lib/gcc/mips64-elf/14.2.0/../../../../mips64-elf/lib/libdragon.a(joypad_accessory.o)
 *fill*         0x8002767c        0x4 
 .rodata.__func__.13
                0x80027680       0x17 /n64_toolchain/lib/gcc/mips64-elf/14.2.0/../../../../mips64-elf/lib/libdragon.a(joypad_accessory.o)
 .rodata.__ringbuf_init.str1.8
                0x80027697       0x3f /n64_toolchain/lib/gcc/mips64-elf/14.2.0/../../../../mips64-elf/lib/libdragon.a(ringbuf.o)
 *fill*         0x80027697        0x1 
 .rodata.__func__.0
                0x80027698        0xf /n64_toolchain/lib/gcc/mips64-elf/14.2.0/../../../../mips64-elf/lib/libdragon.a(ringbuf.o)
 .rodata.str1.8
                0x800276a7       0x5a /n64_toolchain/lib/gcc/mips64-elf/14.2.0/../../../../mips64-elf/lib/libc.a(libc_a-vfprintf.o)
 .rodata.str1.8
                0x800276a7       0x5a /n64_toolchain/lib/gcc/mips64-elf/14.2.0/../../../../mips64-elf/lib/libc.a(libc_a-svfprintf.o)
 .rodata.str1.8
                0x800276a7       0x71 /n64_toolchain/lib/gcc/mips64-elf/14.2.0/../../../../mips64-elf/lib/libc.a(libc_a-dtoa.o)
 .rodata.str1.8
                0x800276a7      0x799 /n64_toolchain/lib/gcc/mips64-elf/14.2.0/../../../../mips64-elf/lib/libc.a(libc_a-strerror.o)
 .rodata.str1.8
                0x800276a7        0x2 /n64_toolchain/lib/gcc/mips64-elf/14.2.0/../../../../mips64-elf/lib/libc.a(libc_a-puts.o)
 .rodata.str1.8
                0x800276a7       0x52 /n64_toolchain/lib/gcc/mips64-elf/14.2.0/../../../../mips64-elf/lib/libc.a(libc_a-mprec.o)
 .rodata.str1.8
                0x800276a7       0x1a /n64_toolchain/lib/gcc/mips64-elf/14.2.0/../../../../mips64-elf/lib/libc.a(libc_a-locale.o)
 *(keep.rodata.*)
 *(.gnu.linkonce.r.*)
                0x80027e40                        . = ALIGN (0x8)
 *fill*         0x800276a7        0x1 

.MIPS.abiflags  0x800276a8       0x18
 .MIPS.abiflags
                0x800276a8       0x18 /n64_toolchain/lib/gcc/mips64-elf/14.2.0/crti.o

.rel.dyn        0x800276c0        0x0
 .rel.dyn       0x800276c0        0x0 /n64_toolchain/lib/gcc/mips64-elf/14.2.0/../../../../mips64-elf/lib/libdragon.a(rsp.o)
                0x800276c0                        . = ALIGN (0x4)

.ctors          0x800276c0       0x18
                0x800276c0                        __CTOR_LIST__ = .
 *(.ctors)
 .ctors         0x800276c0        0x4 /n64_toolchain/lib/gcc/mips64-elf/14.2.0/crtbegin.o
 .ctors         0x800276c4        0x4 /n64_toolchain/lib/gcc/mips64-elf/14.2.0/../../../../mips64-elf/lib/libdragon.a(inspector.o)
 .ctors         0x800276c8        0x4 /n64_toolchain/lib/gcc/mips64-elf/14.2.0/../../../../mips64-elf/lib/libdragon.a(joybus.o)
 .ctors         0x800276cc        0x4 /n64_toolchain/lib/gcc/mips64-elf/14.2.0/../../../../mips64-elf/lib/libdragon.a(n64sys.o)
 .ctors         0x800276d0        0x4 /n64_toolchain/lib/gcc/mips64-elf/14.2.0/../../../../mips64-elf/lib/libdragon.a(interrupt.o)
 .ctors         0x800276d4        0x4 /n64_toolchain/lib/gcc/mips64-elf/14.2.0/crtend.o
                0x800276d8                        __CTOR_END__ = .
                0x800276d8                        . = ALIGN (0x8)

.data           0x800276d8      0xb68
                0x800276d8                        __data_start = .
 *(.data)
 .data          0x800276d8      0x1c4 /n64_toolchain/lib/gcc/mips64-elf/14.2.0/../../../../mips64-elf/lib/libdragon.a(rsp_crash.o)
                0x800276d8                rsp_crash_text_start
                0x80027898                rsp_crash_data_start
                0x80027898                rsp_crash_text_end
                0x8002789c                rsp_crash_data_end
 *fill*         0x8002789c        0x4 
 .data          0x800278a0      0x120 /n64_toolchain/lib/gcc/mips64-elf/14.2.0/../../../../mips64-elf/lib/libc.a(libc_a-impure.o)
                0x800278a0                _impure_data
 .data          0x800279c0      0x408 /n64_toolchain/lib/gcc/mips64-elf/14.2.0/../../../../mips64-elf/lib/libc.a(libc_a-mallocr.o)
                0x800279c0                __malloc_av_
 .data          0x80027dc8        0xc /n64_toolchain/lib/gcc/mips64-elf/14.2.0/../../../../mips64-elf/lib/libc.a(libc_a-findfp.o)
                0x80027dc8                __sglue
 *fill*         0x80027dd4        0x4 
 .data          0x80027dd8      0x16c /n64_toolchain/lib/gcc/mips64-elf/14.2.0/../../../../mips64-elf/lib/libc.a(libc_a-locale.o)
                0x80027dd8                __global_locale
 *(.data.*)
 *fill*         0x80027f44        0x4 
 .data.dragon_fs
                0x80027f48       0x38 /n64_toolchain/lib/gcc/mips64-elf/14.2.0/../../../../mips64-elf/lib/libdragon.a(dragonfs.o)
 .data.sprite_font
                0x80027f80        0xc /n64_toolchain/lib/gcc/mips64-elf/14.2.0/../../../../mips64-elf/lib/libdragon.a(graphics.o)
 *fill*         0x80027f8c        0x4 
 .data.rsp_crash
                0x80027f90       0x20 /n64_toolchain/lib/gcc/mips64-elf/14.2.0/../../../../mips64-elf/lib/libdragon.a(rsp.o)
                0x80027f90                rsp_crash
 .data.__mips_fpreg
                0x80027fb0       0x80 /n64_toolchain/lib/gcc/mips64-elf/14.2.0/../../../../mips64-elf/lib/libdragon.a(inspector.o)
                0x80027fb0                __mips_fpreg
 .data.__mips_gpr
                0x80028030       0x88 /n64_toolchain/lib/gcc/mips64-elf/14.2.0/../../../../mips64-elf/lib/libdragon.a(inspector.o)
                0x80028030                __mips_gpr
 .data.algos    0x800280b8       0x48 /n64_toolchain/lib/gcc/mips64-elf/14.2.0/../../../../mips64-elf/lib/libdragon.a(asset.o)
 .data.warning.0